========================================================================
CUSTOM V4 FREEZE VERIFICATION
========================================================================
manifest sha256: 975c1d31e43cff2ed3354695aaf13844129e5231dca027e44d3d3cf09b9d714b
rows: 3944
max prompt tokens: 22729
max prompt row: rulearena rulearena:nba:2:10

CUSTOM V4 FREEZE VERIFICATION: PASS
[1/1572] logiqa2::logiqa2:0:2920
[2/1572] logiqa2::logiqa2:1:10654
[3/1572] logiqa2::logiqa2:2:2892
[4/1572] logiqa2::logiqa2:3:10448
[5/1572] logiqa2::logiqa2:4:726
[6/1572] logiqa2::logiqa2:5:8850
[7/1572] logiqa2::logiqa2:6:4369
[8/1572] logiqa2::logiqa2:7:736
[9/1572] logiqa2::logiqa2:8:14862
[10/1572] logiqa2::logiqa2:9:9769
[11/1572] logiqa2::logiqa2:10:4653
[12/1572] logiqa2::logiqa2:11:5949
[13/1572] logiqa2::logiqa2:12:1226
[14/1572] logiqa2::logiqa2:13:6498
[15/1572] logiqa2::logiqa2:14:13981
[16/1572] logiqa2::logiqa2:15:14540
[17/1572] logiqa2::logiqa2:16:6299
[18/1572] logiqa2::logiqa2:17:6134
[19/1572] logiqa2::logiqa2:18:9448
[20/1572] logiqa2::logiqa2:19:4444
[21/1572] logiqa2::logiqa2:20:6043
[22/1572] logiqa2::logiqa2:21:4925
[23/1572] logiqa2::logiqa2:22:11250
[24/1572] logiqa2::logiqa2:23:12792
[25/1572] logiqa2::logiqa2:24:7364
[26/1572] logiqa2::logiqa2:25:2982
[27/1572] logiqa2::logiqa2:26:10860
[28/1572] logiqa2::logiqa2:27:4072
[29/1572] logiqa2::logiqa2:28:6262
[30/1572] logiqa2::logiqa2:29:11734
[31/1572] logiqa2::logiqa2:30:7028
[32/1572] logiqa2::logiqa2:31:14776
[33/1572] logiqa2::logiqa2:32:14373
[34/1572] logiqa2::logiqa2:33:2771
[35/1572] logiqa2::logiqa2:34:11220
[36/1572] logiqa2::logiqa2:35:2697
[37/1572] logiqa2::logiqa2:36:10828
[38/1572] logiqa2::logiqa2:37:2315
[39/1572] logiqa2::logiqa2:38:13418
[40/1572] logiqa2::logiqa2:39:6403
[41/1572] logiqa2::logiqa2:40:8749
[42/1572] logiqa2::logiqa2:41:5635
[43/1572] logiqa2::logiqa2:42:11604
[44/1572] logiqa2::logiqa2:43:12991
[45/1572] logiqa2::logiqa2:44:11969
[46/1572] logiqa2::logiqa2:45:10782
[47/1572] logiqa2::logiqa2:46:5330
[48/1572] logiqa2::logiqa2:47:10698
[49/1572] logiqa2::logiqa2:48:5827
[50/1572] logiqa2::logiqa2:49:14086
[51/1572] logiqa2::logiqa2:50:14789
[52/1572] logiqa2::logiqa2:51:15001
[53/1572] logiqa2::logiqa2:52:5425
[54/1572] logiqa2::logiqa2:53:4763
[55/1572] logiqa2::logiqa2:54:3827
[56/1572] logiqa2::logiqa2:55:2634
[57/1572] logiqa2::logiqa2:56:9900
[58/1572] logiqa2::logiqa2:57:14966
[59/1572] logiqa2::logiqa2:58:8043
[60/1572] logiqa2::logiqa2:59:10930
[61/1572] logiqa2::logiqa2:60:12820
[62/1572] logiqa2::logiqa2:61:7631
[63/1572] logiqa2::logiqa2:62:3501
[64/1572] logiqa2::logiqa2:63:6199
[65/1572] logiqa2::logiqa2:64:12906
[66/1572] logiqa2::logiqa2:65:3635
[67/1572] logiqa2::logiqa2:66:7240
[68/1572] logiqa2::logiqa2:67:12349
[69/1572] logiqa2::logiqa2:68:7274
[70/1572] logiqa2::logiqa2:69:11445
[71/1572] logiqa2::logiqa2:70:11051
[72/1572] logiqa2::logiqa2:71:3237
[73/1572] logiqa2::logiqa2:72:3649
[74/1572] logiqa2::logiqa2:73:1486
[75/1572] logiqa2::logiqa2:74:2485
[76/1572] logiqa2::logiqa2:75:11306
[77/1572] logiqa2::logiqa2:76:4319
[78/1572] logiqa2::logiqa2:77:121
[79/1572] logiqa2::logiqa2:78:10926
[80/1572] logiqa2::logiqa2:79:4201
[81/1572] logiqa2::logiqa2:80:13904
[82/1572] logiqa2::logiqa2:81:7112
[83/1572] logiqa2::logiqa2:82:15012
[84/1572] logiqa2::logiqa2:83:13299
[85/1572] logiqa2::logiqa2:84:8601
[86/1572] logiqa2::logiqa2:85:11324
[87/1572] logiqa2::logiqa2:86:10527
[88/1572] logiqa2::logiqa2:87:14504
[89/1572] logiqa2::logiqa2:88:12569
[90/1572] logiqa2::logiqa2:89:2664
[91/1572] logiqa2::logiqa2:90:6114
[92/1572] logiqa2::logiqa2:91:1821
[93/1572] logiqa2::logiqa2:92:4368
[94/1572] logiqa2::logiqa2:93:10846
[95/1572] logiqa2::logiqa2:94:12384
[96/1572] logiqa2::logiqa2:95:10710
[97/1572] logiqa2::logiqa2:96:5950
[98/1572] logiqa2::logiqa2:97:5919
[99/1572] logiqa2::logiqa2:98:4056
[100/1572] logiqa2::logiqa2:99:14049
[101/1572] logiqa2::logiqa2:100:10808
[102/1572] logiqa2::logiqa2:101:11796
[103/1572] logiqa2::logiqa2:102:6316
[104/1572] logiqa2::logiqa2:103:14747
[105/1572] logiqa2::logiqa2:104:12634
[106/1572] logiqa2::logiqa2:105:15106
[107/1572] logiqa2::logiqa2:106:530
[108/1572] logiqa2::logiqa2:107:8094
[109/1572] logiqa2::logiqa2:108:5152
[110/1572] logiqa2::logiqa2:109:8452
[111/1572] logiqa2::logiqa2:110:12739
[112/1572] logiqa2::logiqa2:111:10709
[113/1572] logiqa2::logiqa2:112:4845
[114/1572] logiqa2::logiqa2:113:10922
[115/1572] logiqa2::logiqa2:114:12272
[116/1572] logiqa2::logiqa2:115:6318
[117/1572] logiqa2::logiqa2:116:640
[118/1572] logiqa2::logiqa2:117:1751
[119/1572] logiqa2::logiqa2:118:5081
[120/1572] logiqa2::logiqa2:119:2229
[121/1572] logiqa2::logiqa2:120:13884
[122/1572] logiqa2::logiqa2:121:11021
[123/1572] logiqa2::logiqa2:122:4778
[124/1572] logiqa2::logiqa2:123:953
[125/1572] logiqa2::logiqa2:124:7404
[126/1572] logiqa2::logiqa2:125:3499
[127/1572] logiqa2::logiqa2:126:10368
[128/1572] logiqa2::logiqa2:127:22
[129/1572] logiqa2::logiqa2:128:9940
[130/1572] logiqa2::logiqa2:129:4576
[131/1572] logiqa2::logiqa2:130:13916
[132/1572] logiqa2::logiqa2:131:1286
[133/1572] logiqa2::logiqa2:132:11881
[134/1572] logiqa2::logiqa2:133:1177
[135/1572] logiqa2::logiqa2:134:10658
[136/1572] logiqa2::logiqa2:135:11436
[137/1572] logiqa2::logiqa2:136:3033
[138/1572] logiqa2::logiqa2:137:13320
[139/1572] logiqa2::logiqa2:138:8518
[140/1572] logiqa2::logiqa2:139:3579
[141/1572] logiqa2::logiqa2:140:3661
[142/1572] logiqa2::logiqa2:141:9446
[143/1572] logiqa2::logiqa2:142:14436
[144/1572] logiqa2::logiqa2:143:517
[145/1572] logiqa2::logiqa2:144:8018
[146/1572] logiqa2::logiqa2:145:7651
[147/1572] logiqa2::logiqa2:146:11991
[148/1572] logiqa2::logiqa2:147:10697
[149/1572] logiqa2::logiqa2:148:13240
[150/1572] logiqa2::logiqa2:149:13625
[151/1572] logiqa2::logiqa2:150:6947
[152/1572] logiqa2::logiqa2:151:6757
[153/1572] logiqa2::logiqa2:152:10231
[154/1572] logiqa2::logiqa2:153:4726
[155/1572] logiqa2::logiqa2:154:2056
[156/1572] logiqa2::logiqa2:155:562
[157/1572] logiqa2::logiqa2:156:10074
[158/1572] logiqa2::logiqa2:157:7954
[159/1572] logiqa2::logiqa2:158:2694
[160/1572] logiqa2::logiqa2:159:5499
[161/1572] logiqa2::logiqa2:160:3600
[162/1572] logiqa2::logiqa2:161:10336
[163/1572] logiqa2::logiqa2:162:8906
[164/1572] logiqa2::logiqa2:163:4564
[165/1572] logiqa2::logiqa2:164:2217
[166/1572] logiqa2::logiqa2:165:11030
[167/1572] logiqa2::logiqa2:166:3562
[168/1572] logiqa2::logiqa2:167:1125
[169/1572] logiqa2::logiqa2:168:8432
[170/1572] logiqa2::logiqa2:169:2276
[171/1572] logiqa2::logiqa2:170:5528
[172/1572] logiqa2::logiqa2:171:12915
[173/1572] logiqa2::logiqa2:172:11999
[174/1572] logiqa2::logiqa2:173:2910
[175/1572] logiqa2::logiqa2:174:14642
[176/1572] logiqa2::logiqa2:175:4310
[177/1572] logiqa2::logiqa2:176:14210
[178/1572] logiqa2::logiqa2:177:12469
[179/1572] logiqa2::logiqa2:178:4830
[180/1572] logiqa2::logiqa2:179:11101
[181/1572] logiqa2::logiqa2:180:10699
[182/1572] logiqa2::logiqa2:181:10729
[183/1572] logiqa2::logiqa2:182:8358
[184/1572] logiqa2::logiqa2:183:10692
[185/1572] logiqa2::logiqa2:184:6428
[186/1572] logiqa2::logiqa2:185:15123
[187/1572] logiqa2::logiqa2:186:4511
[188/1572] logiqa2::logiqa2:187:12957
[189/1572] logiqa2::logiqa2:188:9416
[190/1572] logiqa2::logiqa2:189:9942
[191/1572] logiqa2::logiqa2:190:6179
[192/1572] logiqa2::logiqa2:191:8510
[193/1572] logiqa2::logiqa2:192:1475
[194/1572] logiqa2::logiqa2:193:8386
[195/1572] logiqa2::logiqa2:194:11016
[196/1572] logiqa2::logiqa2:195:12044
[197/1572] logiqa2::logiqa2:196:12691
[198/1572] logiqa2::logiqa2:197:10789
[199/1572] logiqa2::logiqa2:198:155
[200/1572] logiqa2::logiqa2:199:10814
[201/1572] logiqa2::logiqa2:200:321
[202/1572] logiqa2::logiqa2:201:2520
[203/1572] logiqa2::logiqa2:202:5145
[204/1572] logiqa2::logiqa2:203:4584
[205/1572] logiqa2::logiqa2:204:313
[206/1572] logiqa2::logiqa2:205:11731
[207/1572] logiqa2::logiqa2:206:14506
[208/1572] logiqa2::logiqa2:207:4332
[209/1572] logiqa2::logiqa2:208:2959
[210/1572] logiqa2::logiqa2:209:10587
[211/1572] logiqa2::logiqa2:210:14438
[212/1572] logiqa2::logiqa2:211:14765
[213/1572] logiqa2::logiqa2:212:12970
[214/1572] logiqa2::logiqa2:213:5916
[215/1572] logiqa2::logiqa2:214:10023
[216/1572] logiqa2::logiqa2:215:14402
[217/1572] logiqa2::logiqa2:216:12190
[218/1572] logiqa2::logiqa2:217:15087
[219/1572] logiqa2::logiqa2:218:484
[220/1572] logiqa2::logiqa2:219:10992
[221/1572] logiqa2::logiqa2:220:12986
[222/1572] logiqa2::logiqa2:221:14448
[223/1572] logiqa2::logiqa2:222:1210
[224/1572] logiqa2::logiqa2:223:10680
[225/1572] logiqa2::logiqa2:224:8559
[226/1572] logiqa2::logiqa2:225:1606
[227/1572] logiqa2::logiqa2:226:9073
[228/1572] logiqa2::logiqa2:227:2543
[229/1572] logiqa2::logiqa2:228:11949
[230/1572] logiqa2::logiqa2:229:13853
[231/1572] logiqa2::logiqa2:230:999
[232/1572] logiqa2::logiqa2:231:5768
[233/1572] logiqa2::logiqa2:232:14787
[234/1572] logiqa2::logiqa2:233:4937
[235/1572] logiqa2::logiqa2:234:1
[236/1572] logiqa2::logiqa2:235:3426
[237/1572] logiqa2::logiqa2:236:3212
[238/1572] logiqa2::logiqa2:237:9613
[239/1572] logiqa2::logiqa2:238:10906
[240/1572] logiqa2::logiqa2:239:8892
[241/1572] logiqa2::logiqa2:240:5239
[242/1572] logiqa2::logiqa2:241:4224
[243/1572] logiqa2::logiqa2:242:12023
[244/1572] logiqa2::logiqa2:243:8116
[245/1572] logiqa2::logiqa2:244:14244
[246/1572] logiqa2::logiqa2:245:14697
[247/1572] logiqa2::logiqa2:246:14722
[248/1572] logiqa2::logiqa2:247:11959
[249/1572] logiqa2::logiqa2:248:12598
[250/1572] logiqa2::logiqa2:249:9966
[251/1572] logiqa2::logiqa2:250:7681
[252/1572] logiqa2::logiqa2:251:10824
[253/1572] logiqa2::logiqa2:252:3782
[254/1572] logiqa2::logiqa2:253:1674
[255/1572] logiqa2::logiqa2:254:1773
[256/1572] logiqa2::logiqa2:255:9185
[257/1572] logiqa2::logiqa2:256:4200
[258/1572] logiqa2::logiqa2:257:13357
[259/1572] logiqa2::logiqa2:258:2095
[260/1572] logiqa2::logiqa2:259:9163
[261/1572] logiqa2::logiqa2:260:1657
[262/1572] logiqa2::logiqa2:261:3929
[263/1572] logiqa2::logiqa2:262:4007
[264/1572] logiqa2::logiqa2:263:7735
[265/1572] logiqa2::logiqa2:264:14860
[266/1572] logiqa2::logiqa2:265:14328
[267/1572] logiqa2::logiqa2:266:10885
[268/1572] logiqa2::logiqa2:267:1933
[269/1572] logiqa2::logiqa2:268:1172
[270/1572] logiqa2::logiqa2:269:6859
[271/1572] logiqa2::logiqa2:270:14162
[272/1572] logiqa2::logiqa2:271:10968
[273/1572] logiqa2::logiqa2:272:12945
[274/1572] logiqa2::logiqa2:273:9141
[275/1572] logiqa2::logiqa2:274:13473
[276/1572] logiqa2::logiqa2:275:104
[277/1572] logiqa2::logiqa2:276:11571
[278/1572] logiqa2::logiqa2:277:13114
[279/1572] logiqa2::logiqa2:278:4821
[280/1572] logiqa2::logiqa2:279:9685
[281/1572] logiqa2::logiqa2:280:3413
[282/1572] logiqa2::logiqa2:281:13611
[283/1572] logiqa2::logiqa2:282:3224
[284/1572] logiqa2::logiqa2:283:10189
[285/1572] logiqa2::logiqa2:284:8491
[286/1572] logiqa2::logiqa2:285:14376
[287/1572] logiqa2::logiqa2:286:6900
[288/1572] logiqa2::logiqa2:287:2044
[289/1572] logiqa2::logiqa2:288:10779
[290/1572] logiqa2::logiqa2:289:12200
[291/1572] logiqa2::logiqa2:290:12541
[292/1572] logiqa2::logiqa2:291:3128
[293/1572] logiqa2::logiqa2:292:2584
[294/1572] logiqa2::logiqa2:293:14887
[295/1572] logiqa2::logiqa2:294:6124
[296/1572] logiqa2::logiqa2:295:4461
[297/1572] logiqa2::logiqa2:296:9326
[298/1572] logiqa2::logiqa2:297:7729
[299/1572] logiqa2::logiqa2:298:614
[300/1572] logiqa2::logiqa2:299:5552
[301/1572] logiqa2::logiqa2:300:13843
[302/1572] logiqa2::logiqa2:301:5632
[303/1572] logiqa2::logiqa2:302:14854
[304/1572] logiqa2::logiqa2:303:527
[305/1572] logiqa2::logiqa2:304:367
[306/1572] logiqa2::logiqa2:305:6984
[307/1572] logiqa2::logiqa2:306:12422
[308/1572] logiqa2::logiqa2:307:5042
[309/1572] logiqa2::logiqa2:308:13885
[310/1572] logiqa2::logiqa2:309:3775
[311/1572] logiqa2::logiqa2:310:1527
[312/1572] logiqa2::logiqa2:311:10665
[313/1572] logiqa2::logiqa2:312:7200
[314/1572] logiqa2::logiqa2:313:14831
[315/1572] logiqa2::logiqa2:314:2337
[316/1572] logiqa2::logiqa2:315:10622
[317/1572] logiqa2::logiqa2:316:2777
[318/1572] logiqa2::logiqa2:317:4479
[319/1572] logiqa2::logiqa2:318:13657
[320/1572] logiqa2::logiqa2:319:2446
[321/1572] logiqa2::logiqa2:320:4658
[322/1572] logiqa2::logiqa2:321:10878
[323/1572] logiqa2::logiqa2:322:8464
[324/1572] logiqa2::logiqa2:323:2473
[325/1572] logiqa2::logiqa2:324:4060
[326/1572] logiqa2::logiqa2:325:2063
[327/1572] logiqa2::logiqa2:326:5613
[328/1572] logiqa2::logiqa2:327:14606
[329/1572] logiqa2::logiqa2:328:13460
[330/1572] logiqa2::logiqa2:329:8335
[331/1572] logiqa2::logiqa2:330:5978
[332/1572] logiqa2::logiqa2:331:10226
[333/1572] logiqa2::logiqa2:332:4185
[334/1572] logiqa2::logiqa2:333:13597
[335/1572] logiqa2::logiqa2:334:11109
[336/1572] logiqa2::logiqa2:335:8163
[337/1572] logiqa2::logiqa2:336:1252
[338/1572] logiqa2::logiqa2:337:7609
[339/1572] logiqa2::logiqa2:338:14491
[340/1572] logiqa2::logiqa2:339:7964
[341/1572] logiqa2::logiqa2:340:8885
[342/1572] logiqa2::logiqa2:341:13500
[343/1572] logiqa2::logiqa2:342:9607
[344/1572] logiqa2::logiqa2:343:4076
[345/1572] logiqa2::logiqa2:344:10758
[346/1572] logiqa2::logiqa2:345:9018
[347/1572] logiqa2::logiqa2:346:5947
[348/1572] logiqa2::logiqa2:347:11665
[349/1572] logiqa2::logiqa2:348:2435
[350/1572] logiqa2::logiqa2:349:3338
[351/1572] logiqa2::logiqa2:350:1212
[352/1572] logiqa2::logiqa2:351:13422
[353/1572] logiqa2::logiqa2:352:5197
[354/1572] logiqa2::logiqa2:353:1823
[355/1572] logiqa2::logiqa2:354:13721
[356/1572] logiqa2::logiqa2:355:4574
[357/1572] logiqa2::logiqa2:356:835
[358/1572] logiqa2::logiqa2:357:859
[359/1572] logiqa2::logiqa2:358:5896
[360/1572] logiqa2::logiqa2:359:11688
[361/1572] logiqa2::logiqa2:360:9660
[362/1572] logiqa2::logiqa2:361:2504
[363/1572] logiqa2::logiqa2:362:9098
[364/1572] logiqa2::logiqa2:363:9630
[365/1572] logiqa2::logiqa2:364:14876
[366/1572] logiqa2::logiqa2:365:2851
[367/1572] logiqa2::logiqa2:366:4051
[368/1572] logiqa2::logiqa2:367:9712
[369/1572] logiqa2::logiqa2:368:14895
[370/1572] logiqa2::logiqa2:369:1412
[371/1572] logiqa2::logiqa2:370:5895
[372/1572] logiqa2::logiqa2:371:6988
[373/1572] logiqa2::logiqa2:372:10653
[374/1572] logiqa2::logiqa2:373:4602
[375/1572] logiqa2::logiqa2:374:12075
[376/1572] logiqa2::logiqa2:375:2743
[377/1572] logiqa2::logiqa2:376:10059
[378/1572] logiqa2::logiqa2:377:9127
[379/1572] logiqa2::logiqa2:378:13427
[380/1572] logiqa2::logiqa2:379:12104
[381/1572] logiqa2::logiqa2:380:5128
[382/1572] logiqa2::logiqa2:381:6047
[383/1572] logiqa2::logiqa2:382:13857
[384/1572] logiqa2::logiqa2:383:11042
[385/1572] logiqa2::logiqa2:384:13562
[386/1572] logiqa2::logiqa2:385:12835
[387/1572] logiqa2::logiqa2:386:1521
[388/1572] logiqa2::logiqa2:387:10741
[389/1572] logiqa2::logiqa2:388:3675
[390/1572] logiqa2::logiqa2:389:14632
[391/1572] logiqa2::logiqa2:390:6781
[392/1572] logiqa2::logiqa2:391:12514
[393/1572] logiqa2::logiqa2:392:13161
[394/1572] logiqa2::logiqa2:393:386
[395/1572] logiqa2::logiqa2:394:2014
[396/1572] logiqa2::logiqa2:395:4312
[397/1572] logiqa2::logiqa2:396:5719
[398/1572] logiqa2::logiqa2:397:9669
[399/1572] logiqa2::logiqa2:398:11380
[400/1572] logiqa2::logiqa2:399:7547
[401/1572] logiqa2::logiqa2:400:8200
[402/1572] logiqa2::logiqa2:401:14951
[403/1572] logiqa2::logiqa2:402:4260
[404/1572] logiqa2::logiqa2:403:8735
[405/1572] logiqa2::logiqa2:404:13736
[406/1572] logiqa2::logiqa2:405:13586
[407/1572] logiqa2::logiqa2:406:8062
[408/1572] logiqa2::logiqa2:407:1285
[409/1572] logiqa2::logiqa2:408:8408
[410/1572] logiqa2::logiqa2:409:10823
[411/1572] logiqa2::logiqa2:410:617
[412/1572] logiqa2::logiqa2:411:4053
[413/1572] logiqa2::logiqa2:412:1792
[414/1572] logiqa2::logiqa2:413:3039
[415/1572] logiqa2::logiqa2:414:3642
[416/1572] logiqa2::logiqa2:415:10451
[417/1572] logiqa2::logiqa2:416:13203
[418/1572] logiqa2::logiqa2:417:10756
[419/1572] logiqa2::logiqa2:418:10845
[420/1572] logiqa2::logiqa2:419:12177
[421/1572] logiqa2::logiqa2:420:5856
[422/1572] logiqa2::logiqa2:421:12826
[423/1572] logiqa2::logiqa2:422:5403
[424/1572] logiqa2::logiqa2:423:185
[425/1572] logiqa2::logiqa2:424:14772
[426/1572] logiqa2::logiqa2:425:6535
[427/1572] logiqa2::logiqa2:426:13578
[428/1572] logiqa2::logiqa2:427:13415
[429/1572] logiqa2::logiqa2:428:5041
[430/1572] logiqa2::logiqa2:429:13818
[431/1572] logiqa2::logiqa2:430:10324
[432/1572] logiqa2::logiqa2:431:11819
[433/1572] logiqa2::logiqa2:432:13070
[434/1572] logiqa2::logiqa2:433:9042
[435/1572] logiqa2::logiqa2:434:8874
[436/1572] logiqa2::logiqa2:435:9182
[437/1572] logiqa2::logiqa2:436:13340
[438/1572] logiqa2::logiqa2:437:778
[439/1572] logiqa2::logiqa2:438:4165
[440/1572] logiqa2::logiqa2:439:10988
[441/1572] logiqa2::logiqa2:440:565
[442/1572] logiqa2::logiqa2:441:11802
[443/1572] logiqa2::logiqa2:442:3478
[444/1572] logiqa2::logiqa2:443:6987
[445/1572] logiqa2::logiqa2:444:7104
[446/1572] logiqa2::logiqa2:445:8945
[447/1572] logiqa2::logiqa2:446:6497
[448/1572] logiqa2::logiqa2:447:14805
[449/1572] logiqa2::logiqa2:448:11095
[450/1572] logiqa2::logiqa2:449:8795
[451/1572] logiqa2::logiqa2:450:10052
[452/1572] logiqa2::logiqa2:451:1560
[453/1572] logiqa2::logiqa2:452:5153
[454/1572] logiqa2::logiqa2:453:2273
[455/1572] logiqa2::logiqa2:454:10948
[456/1572] logiqa2::logiqa2:455:12907
[457/1572] logiqa2::logiqa2:456:3030
[458/1572] logiqa2::logiqa2:457:9566
[459/1572] logiqa2::logiqa2:458:2513
[460/1572] logiqa2::logiqa2:459:1930
[461/1572] logiqa2::logiqa2:460:1261
[462/1572] logiqa2::logiqa2:461:11960
[463/1572] logiqa2::logiqa2:462:10851
[464/1572] logiqa2::logiqa2:463:8488
[465/1572] logiqa2::logiqa2:464:10867
[466/1572] logiqa2::logiqa2:465:14666
[467/1572] logiqa2::logiqa2:466:11433
[468/1572] logiqa2::logiqa2:467:477
[469/1572] logiqa2::logiqa2:468:10902
[470/1572] logiqa2::logiqa2:469:8241
[471/1572] logiqa2::logiqa2:470:9518
[472/1572] logiqa2::logiqa2:471:14667
[473/1572] logiqa2::logiqa2:472:7557
[474/1572] logiqa2::logiqa2:473:14190
[475/1572] logiqa2::logiqa2:474:4930
[476/1572] logiqa2::logiqa2:475:15145
[477/1572] logiqa2::logiqa2:476:13652
[478/1572] logiqa2::logiqa2:477:8443
[479/1572] logiqa2::logiqa2:478:5445
[480/1572] logiqa2::logiqa2:479:3651
[481/1572] logiqa2::logiqa2:480:14274
[482/1572] logiqa2::logiqa2:481:10386
[483/1572] logiqa2::logiqa2:482:2583
[484/1572] logiqa2::logiqa2:483:4610
[485/1572] logiqa2::logiqa2:484:14563
[486/1572] logiqa2::logiqa2:485:11006
[487/1572] logiqa2::logiqa2:486:9790
[488/1572] logiqa2::logiqa2:487:6622
[489/1572] logiqa2::logiqa2:488:3983
[490/1572] logiqa2::logiqa2:489:15122
[491/1572] logiqa2::logiqa2:490:2699
[492/1572] logiqa2::logiqa2:491:10591
[493/1572] logiqa2::logiqa2:492:10197
[494/1572] logiqa2::logiqa2:493:10168
[495/1572] logiqa2::logiqa2:494:12504
[496/1572] logiqa2::logiqa2:495:1896
[497/1572] logiqa2::logiqa2:496:5365
[498/1572] logiqa2::logiqa2:497:7873
[499/1572] logiqa2::logiqa2:498:13441
[500/1572] logiqa2::logiqa2:499:10107
[501/1572] logiqa2::logiqa2:500:13903
[502/1572] logiqa2::logiqa2:501:280
[503/1572] logiqa2::logiqa2:502:10855
[504/1572] logiqa2::logiqa2:503:11241
[505/1572] logiqa2::logiqa2:504:14189
[506/1572] logiqa2::logiqa2:505:7962
[507/1572] logiqa2::logiqa2:506:11195
[508/1572] logiqa2::logiqa2:507:2311
[509/1572] logiqa2::logiqa2:508:2757
[510/1572] logiqa2::logiqa2:509:7202
[511/1572] logiqa2::logiqa2:510:12467
[512/1572] logiqa2::logiqa2:511:4710
[513/1572] logiqa2::logiqa2:512:3981
[514/1572] logiqa2::logiqa2:513:3593
[515/1572] logiqa2::logiqa2:514:1870
[516/1572] logiqa2::logiqa2:515:8908
[517/1572] logiqa2::logiqa2:516:8910
[518/1572] logiqa2::logiqa2:517:7129
[519/1572] logiqa2::logiqa2:518:12901
[520/1572] logiqa2::logiqa2:519:8141
[521/1572] logiqa2::logiqa2:520:4793
[522/1572] logiqa2::logiqa2:521:10124
[523/1572] logiqa2::logiqa2:522:8661
[524/1572] logiqa2::logiqa2:523:10796
[525/1572] logiqa2::logiqa2:524:7646
[526/1572] logiqa2::logiqa2:525:9016
[527/1572] logiqa2::logiqa2:526:12545
[528/1572] logiqa2::logiqa2:527:12431
[529/1572] logiqa2::logiqa2:528:4297
[530/1572] logiqa2::logiqa2:529:3517
[531/1572] logiqa2::logiqa2:530:7322
[532/1572] logiqa2::logiqa2:531:4782
[533/1572] logiqa2::logiqa2:532:8378
[534/1572] logiqa2::logiqa2:533:4681
[535/1572] logiqa2::logiqa2:534:4041
[536/1572] logiqa2::logiqa2:535:10670
[537/1572] logiqa2::logiqa2:536:6936
[538/1572] logiqa2::logiqa2:537:12331
[539/1572] logiqa2::logiqa2:538:4258
[540/1572] logiqa2::logiqa2:539:5154
[541/1572] logiqa2::logiqa2:540:8080
[542/1572] logiqa2::logiqa2:541:13328
[543/1572] logiqa2::logiqa2:542:14660
[544/1572] logiqa2::logiqa2:543:4238
[545/1572] logiqa2::logiqa2:544:12025
[546/1572] logiqa2::logiqa2:545:4587
[547/1572] logiqa2::logiqa2:546:13071
[548/1572] logiqa2::logiqa2:547:13926
[549/1572] logiqa2::logiqa2:548:3031
[550/1572] logiqa2::logiqa2:549:4117
[551/1572] logiqa2::logiqa2:550:15149
[552/1572] logiqa2::logiqa2:551:9773
[553/1572] logiqa2::logiqa2:552:1152
[554/1572] logiqa2::logiqa2:553:14792
[555/1572] logiqa2::logiqa2:554:14325
[556/1572] logiqa2::logiqa2:555:3465
[557/1572] logiqa2::logiqa2:556:2911
[558/1572] logiqa2::logiqa2:557:2931
[559/1572] logiqa2::logiqa2:558:14962
[560/1572] logiqa2::logiqa2:559:13355
[561/1572] logiqa2::logiqa2:560:3576
[562/1572] logiqa2::logiqa2:561:13722
[563/1572] logiqa2::logiqa2:562:14246
[564/1572] logiqa2::logiqa2:563:9084
[565/1572] logiqa2::logiqa2:564:10749
[566/1572] logiqa2::logiqa2:565:3262
[567/1572] logiqa2::logiqa2:566:6491
[568/1572] logiqa2::logiqa2:567:12414
[569/1572] logiqa2::logiqa2:568:7778
[570/1572] logiqa2::logiqa2:569:7293
[571/1572] logiqa2::logiqa2:570:6562
[572/1572] logiqa2::logiqa2:571:6324
[573/1572] logiqa2::logiqa2:572:6031
[574/1572] logiqa2::logiqa2:573:8868
[575/1572] logiqa2::logiqa2:574:7267
[576/1572] logiqa2::logiqa2:575:13014
[577/1572] logiqa2::logiqa2:576:7708
[578/1572] logiqa2::logiqa2:577:2298
[579/1572] logiqa2::logiqa2:578:12326
[580/1572] logiqa2::logiqa2:579:5134
[581/1572] logiqa2::logiqa2:580:14421
[582/1572] logiqa2::logiqa2:581:10987
[583/1572] logiqa2::logiqa2:582:10039
[584/1572] logiqa2::logiqa2:583:3927
[585/1572] logiqa2::logiqa2:584:3041
[586/1572] logiqa2::logiqa2:585:1085
[587/1572] logiqa2::logiqa2:586:251
[588/1572] logiqa2::logiqa2:587:6011
[589/1572] logiqa2::logiqa2:588:264
[590/1572] logiqa2::logiqa2:589:6730
[591/1572] logiqa2::logiqa2:590:7161
[592/1572] logiqa2::logiqa2:591:4527
[593/1572] logiqa2::logiqa2:592:10941
[594/1572] logiqa2::logiqa2:593:12902
[595/1572] logiqa2::logiqa2:594:1056
[596/1572] logiqa2::logiqa2:595:12265
[597/1572] logiqa2::logiqa2:596:6925
[598/1572] logiqa2::logiqa2:597:5863
[599/1572] logiqa2::logiqa2:598:14705
[600/1572] logiqa2::logiqa2:599:6218
[601/1572] logiqa2::logiqa2:600:8269
[602/1572] logiqa2::logiqa2:601:4843
[603/1572] logiqa2::logiqa2:602:11002
[604/1572] logiqa2::logiqa2:603:7890
[605/1572] logiqa2::logiqa2:604:11034
[606/1572] logiqa2::logiqa2:605:3171
[607/1572] logiqa2::logiqa2:606:10353
[608/1572] logiqa2::logiqa2:607:3248
[609/1572] logiqa2::logiqa2:608:1985
[610/1572] logiqa2::logiqa2:609:3487
[611/1572] logiqa2::logiqa2:610:13104
[612/1572] logiqa2::logiqa2:611:5765
[613/1572] logiqa2::logiqa2:612:12411
[614/1572] logiqa2::logiqa2:613:2434
[615/1572] logiqa2::logiqa2:614:9278
[616/1572] logiqa2::logiqa2:615:12182
[617/1572] logiqa2::logiqa2:616:14653
[618/1572] logiqa2::logiqa2:617:8478
[619/1572] logiqa2::logiqa2:618:4191
[620/1572] logiqa2::logiqa2:619:13933
[621/1572] logiqa2::logiqa2:620:13436
[622/1572] logiqa2::logiqa2:621:10979
[623/1572] logiqa2::logiqa2:622:14388
[624/1572] logiqa2::logiqa2:623:9760
[625/1572] logiqa2::logiqa2:624:423
[626/1572] logiqa2::logiqa2:625:38
[627/1572] logiqa2::logiqa2:626:5353
[628/1572] logiqa2::logiqa2:627:6885
[629/1572] logiqa2::logiqa2:628:3004
[630/1572] logiqa2::logiqa2:629:830
[631/1572] logiqa2::logiqa2:630:4125
[632/1572] logiqa2::logiqa2:631:13133
[633/1572] logiqa2::logiqa2:632:3582
[634/1572] logiqa2::logiqa2:633:6256
[635/1572] logiqa2::logiqa2:634:4371
[636/1572] logiqa2::logiqa2:635:13339
[637/1572] logiqa2::logiqa2:636:4152
[638/1572] logiqa2::logiqa2:637:7554
[639/1572] logiqa2::logiqa2:638:13802
[640/1572] logiqa2::logiqa2:639:12355
[641/1572] logiqa2::logiqa2:640:2731
[642/1572] logiqa2::logiqa2:641:7790
[643/1572] logiqa2::logiqa2:642:11829
[644/1572] logiqa2::logiqa2:643:6084
[645/1572] logiqa2::logiqa2:644:10280
[646/1572] logiqa2::logiqa2:645:4715
[647/1572] logiqa2::logiqa2:646:10810
[648/1572] logiqa2::logiqa2:647:12879
[649/1572] logiqa2::logiqa2:648:14453
[650/1572] logiqa2::logiqa2:649:10552
[651/1572] logiqa2::logiqa2:650:1555
[652/1572] logiqa2::logiqa2:651:12656
[653/1572] logiqa2::logiqa2:652:4241
[654/1572] logiqa2::logiqa2:653:5436
[655/1572] logiqa2::logiqa2:654:5368
[656/1572] logiqa2::logiqa2:655:10303
[657/1572] logiqa2::logiqa2:656:1883
[658/1572] logiqa2::logiqa2:657:5019
[659/1572] logiqa2::logiqa2:658:12976
[660/1572] logiqa2::logiqa2:659:9201
[661/1572] logiqa2::logiqa2:660:11977
[662/1572] logiqa2::logiqa2:661:13629
[663/1572] logiqa2::logiqa2:662:12342
[664/1572] logiqa2::logiqa2:663:6017
[665/1572] logiqa2::logiqa2:664:14637
[666/1572] logiqa2::logiqa2:665:4808
[667/1572] logiqa2::logiqa2:666:8768
[668/1572] logiqa2::logiqa2:667:14020
[669/1572] logiqa2::logiqa2:668:7888
[670/1572] logiqa2::logiqa2:669:9908
[671/1572] logiqa2::logiqa2:670:4501
[672/1572] logiqa2::logiqa2:671:13683
[673/1572] logiqa2::logiqa2:672:3801
[674/1572] logiqa2::logiqa2:673:5354
[675/1572] logiqa2::logiqa2:674:14147
[676/1572] logiqa2::logiqa2:675:1025
[677/1572] logiqa2::logiqa2:676:8095
[678/1572] logiqa2::logiqa2:677:6991
[679/1572] logiqa2::logiqa2:678:14492
[680/1572] logiqa2::logiqa2:679:1350
[681/1572] logiqa2::logiqa2:680:1281
[682/1572] logiqa2::logiqa2:681:13569
[683/1572] logiqa2::logiqa2:682:6658
[684/1572] logiqa2::logiqa2:683:9286
[685/1572] logiqa2::logiqa2:684:11198
[686/1572] logiqa2::logiqa2:685:1819
[687/1572] logiqa2::logiqa2:686:4458
[688/1572] logiqa2::logiqa2:687:10360
[689/1572] logiqa2::logiqa2:688:2241
[690/1572] logiqa2::logiqa2:689:12352
[691/1572] logiqa2::logiqa2:690:691
[692/1572] logiqa2::logiqa2:691:575
[693/1572] logiqa2::logiqa2:692:6957
[694/1572] logiqa2::logiqa2:693:12551
[695/1572] logiqa2::logiqa2:694:1378
[696/1572] logiqa2::logiqa2:695:2431
[697/1572] logiqa2::logiqa2:696:10240
[698/1572] logiqa2::logiqa2:697:3645
[699/1572] logiqa2::logiqa2:698:1574
[700/1572] logiqa2::logiqa2:699:3681
[701/1572] logiqa2::logiqa2:700:5788
[702/1572] logiqa2::logiqa2:701:1105
[703/1572] logiqa2::logiqa2:702:6323
[704/1572] logiqa2::logiqa2:703:9638
[705/1572] logiqa2::logiqa2:704:289
[706/1572] logiqa2::logiqa2:705:11271
[707/1572] logiqa2::logiqa2:706:2082
[708/1572] logiqa2::logiqa2:707:4548
[709/1572] logiqa2::logiqa2:708:14163
[710/1572] logiqa2::logiqa2:709:9567
[711/1572] logiqa2::logiqa2:710:3022
[712/1572] logiqa2::logiqa2:711:10004
[713/1572] logiqa2::logiqa2:712:451
[714/1572] logiqa2::logiqa2:713:4967
[715/1572] logiqa2::logiqa2:714:10655
[716/1572] logiqa2::logiqa2:715:1482
[717/1572] logiqa2::logiqa2:716:12094
[718/1572] logiqa2::logiqa2:717:3904
[719/1572] logiqa2::logiqa2:718:6048
[720/1572] logiqa2::logiqa2:719:4231
[721/1572] logiqa2::logiqa2:720:12483
[722/1572] logiqa2::logiqa2:721:3935
[723/1572] logiqa2::logiqa2:722:8680
[724/1572] logiqa2::logiqa2:723:2756
[725/1572] logiqa2::logiqa2:724:5259
[726/1572] logiqa2::logiqa2:725:194
[727/1572] logiqa2::logiqa2:726:12281
[728/1572] logiqa2::logiqa2:727:5975
[729/1572] logiqa2::logiqa2:728:3231
[730/1572] logiqa2::logiqa2:729:1167
[731/1572] logiqa2::logiqa2:730:10404
[732/1572] logiqa2::logiqa2:731:3502
[733/1572] logiqa2::logiqa2:732:12206
[734/1572] logiqa2::logiqa2:733:7723
[735/1572] logiqa2::logiqa2:734:2089
[736/1572] logiqa2::logiqa2:735:12195
[737/1572] logiqa2::logiqa2:736:6094
[738/1572] logiqa2::logiqa2:737:6464
[739/1572] logiqa2::logiqa2:738:9793
[740/1572] logiqa2::logiqa2:739:5763
[741/1572] logiqa2::logiqa2:740:4175
[742/1572] logiqa2::logiqa2:741:5915
[743/1572] logiqa2::logiqa2:742:9015
[744/1572] logiqa2::logiqa2:743:7905
[745/1572] logiqa2::logiqa2:744:6764
[746/1572] logiqa2::logiqa2:745:2402
[747/1572] logiqa2::logiqa2:746:12521
[748/1572] logiqa2::logiqa2:747:2428
[749/1572] logiqa2::logiqa2:748:8854
[750/1572] logiqa2::logiqa2:749:14360
[751/1572] logiqa2::logiqa2:750:10311
[752/1572] logiqa2::logiqa2:751:3470
[753/1572] logiqa2::logiqa2:752:10936
[754/1572] logiqa2::logiqa2:753:8587
[755/1572] logiqa2::logiqa2:754:9451
[756/1572] logiqa2::logiqa2:755:8620
[757/1572] logiqa2::logiqa2:756:14838
[758/1572] logiqa2::logiqa2:757:2789
[759/1572] logiqa2::logiqa2:758:3443
[760/1572] logiqa2::logiqa2:759:10352
[761/1572] logiqa2::logiqa2:760:12978
[762/1572] logiqa2::logiqa2:761:10861
[763/1572] logiqa2::logiqa2:762:431
[764/1572] logiqa2::logiqa2:763:9264
[765/1572] logiqa2::logiqa2:764:1689
[766/1572] logiqa2::logiqa2:765:9543
[767/1572] logiqa2::logiqa2:766:9252
[768/1572] logiqa2::logiqa2:767:7065
[769/1572] logiqa2::logiqa2:768:8466
[770/1572] logiqa2::logiqa2:769:6239
[771/1572] logiqa2::logiqa2:770:8589
[772/1572] logiqa2::logiqa2:771:12554
[773/1572] logiqa2::logiqa2:772:7823
[774/1572] logiqa2::logiqa2:773:10102
[775/1572] logiqa2::logiqa2:774:10172
[776/1572] logiqa2::logiqa2:775:10894
[777/1572] logiqa2::logiqa2:776:12224
[778/1572] logiqa2::logiqa2:777:3614
[779/1572] logiqa2::logiqa2:778:12974
[780/1572] logiqa2::logiqa2:779:959
[781/1572] logiqa2::logiqa2:780:4656
[782/1572] logiqa2::logiqa2:781:9622
[783/1572] logiqa2::logiqa2:782:6962
[784/1572] logiqa2::logiqa2:783:777
[785/1572] logiqa2::logiqa2:784:6965
[786/1572] logiqa2::logiqa2:785:2096
[787/1572] logiqa2::logiqa2:786:10727
[788/1572] logiqa2::logiqa2:787:315
[789/1572] logiqa2::logiqa2:788:3371
[790/1572] logiqa2::logiqa2:789:8063
[791/1572] logiqa2::logiqa2:790:1526
[792/1572] logiqa2::logiqa2:791:14869
[793/1572] logiqa2::logiqa2:792:5790
[794/1572] logiqa2::logiqa2:793:6138
[795/1572] logiqa2::logiqa2:794:10320
[796/1572] logiqa2::logiqa2:795:6613
[797/1572] logiqa2::logiqa2:796:10822
[798/1572] logiqa2::logiqa2:797:8083
[799/1572] logiqa2::logiqa2:798:13069
[800/1572] logiqa2::logiqa2:799:6074
[801/1572] logiqa2::logiqa2:800:4563
[802/1572] logiqa2::logiqa2:801:10906
[803/1572] logiqa2::logiqa2:802:13127
[804/1572] logiqa2::logiqa2:803:2872
[805/1572] logiqa2::logiqa2:804:12604
[806/1572] logiqa2::logiqa2:805:6387
[807/1572] logiqa2::logiqa2:806:10313
[808/1572] logiqa2::logiqa2:807:8810
[809/1572] logiqa2::logiqa2:808:5891
[810/1572] logiqa2::logiqa2:809:14763
[811/1572] logiqa2::logiqa2:810:6530
[812/1572] logiqa2::logiqa2:811:2399
[813/1572] logiqa2::logiqa2:812:2950
[814/1572] logiqa2::logiqa2:813:5052
[815/1572] logiqa2::logiqa2:814:2986
[816/1572] logiqa2::logiqa2:815:11868
[817/1572] logiqa2::logiqa2:816:1035
[818/1572] logiqa2::logiqa2:817:14839
[819/1572] logiqa2::logiqa2:818:10590
[820/1572] logiqa2::logiqa2:819:10181
[821/1572] logiqa2::logiqa2:820:4126
[822/1572] logiqa2::logiqa2:821:3221
[823/1572] logiqa2::logiqa2:822:5595
[824/1572] logiqa2::logiqa2:823:9128
[825/1572] logiqa2::logiqa2:824:6586
[826/1572] logiqa2::logiqa2:825:6482
[827/1572] logiqa2::logiqa2:826:12872
[828/1572] logiqa2::logiqa2:827:10624
[829/1572] logiqa2::logiqa2:828:6268
[830/1572] logiqa2::logiqa2:829:10842
[831/1572] logiqa2::logiqa2:830:1102
[832/1572] logiqa2::logiqa2:831:13326
[833/1572] logiqa2::logiqa2:832:3130
[834/1572] logiqa2::logiqa2:833:9581
[835/1572] logiqa2::logiqa2:834:14149
[836/1572] logiqa2::logiqa2:835:13768
[837/1572] logiqa2::logiqa2:836:1353
[838/1572] logiqa2::logiqa2:837:7023
[839/1572] logiqa2::logiqa2:838:9743
[840/1572] logiqa2::logiqa2:839:794
[841/1572] logiqa2::logiqa2:840:2667
[842/1572] logiqa2::logiqa2:841:15078
[843/1572] logiqa2::logiqa2:842:7033
[844/1572] logiqa2::logiqa2:843:9841
[845/1572] logiqa2::logiqa2:844:13108
[846/1572] logiqa2::logiqa2:845:11108
[847/1572] logiqa2::logiqa2:846:5017
[848/1572] logiqa2::logiqa2:847:12633
[849/1572] logiqa2::logiqa2:848:3608
[850/1572] logiqa2::logiqa2:849:7732
[851/1572] logiqa2::logiqa2:850:1859
[852/1572] logiqa2::logiqa2:851:4722
[853/1572] logiqa2::logiqa2:852:8764
[854/1572] logiqa2::logiqa2:853:11215
[855/1572] logiqa2::logiqa2:854:7573
[856/1572] logiqa2::logiqa2:855:14791
[857/1572] logiqa2::logiqa2:856:8688
[858/1572] logiqa2::logiqa2:857:7246
[859/1572] logiqa2::logiqa2:858:8664
[860/1572] logiqa2::logiqa2:859:8674
[861/1572] logiqa2::logiqa2:860:9338
[862/1572] logiqa2::logiqa2:861:4378
[863/1572] logiqa2::logiqa2:862:5836
[864/1572] logiqa2::logiqa2:863:4094
[865/1572] logiqa2::logiqa2:864:12047
[866/1572] logiqa2::logiqa2:865:3565
[867/1572] logiqa2::logiqa2:866:3883
[868/1572] logiqa2::logiqa2:867:2407
[869/1572] logiqa2::logiqa2:868:3771
[870/1572] logiqa2::logiqa2:869:146
[871/1572] logiqa2::logiqa2:870:7931
[872/1572] logiqa2::logiqa2:871:615
[873/1572] logiqa2::logiqa2:872:10844
[874/1572] logiqa2::logiqa2:873:9596
[875/1572] logiqa2::logiqa2:874:4097
[876/1572] logiqa2::logiqa2:875:5546
[877/1572] logiqa2::logiqa2:876:10937
[878/1572] logiqa2::logiqa2:877:6390
[879/1572] logiqa2::logiqa2:878:12886
[880/1572] logiqa2::logiqa2:879:6018
[881/1572] logiqa2::logiqa2:880:13207
[882/1572] logiqa2::logiqa2:881:9161
[883/1572] logiqa2::logiqa2:882:1746
[884/1572] logiqa2::logiqa2:883:13676
[885/1572] logiqa2::logiqa2:884:7162
[886/1572] logiqa2::logiqa2:885:13821
[887/1572] logiqa2::logiqa2:886:3343
[888/1572] logiqa2::logiqa2:887:5225
[889/1572] logiqa2::logiqa2:888:4919
[890/1572] logiqa2::logiqa2:889:1052
[891/1572] logiqa2::logiqa2:890:14316
[892/1572] logiqa2::logiqa2:891:5256
[893/1572] logiqa2::logiqa2:892:8515
[894/1572] logiqa2::logiqa2:893:8801
[895/1572] logiqa2::logiqa2:894:9130
[896/1572] logiqa2::logiqa2:895:10591
[897/1572] logiqa2::logiqa2:896:10362
[898/1572] logiqa2::logiqa2:897:2480
[899/1572] logiqa2::logiqa2:898:14227
[900/1572] logiqa2::logiqa2:899:12172
[901/1572] logiqa2::logiqa2:900:14531
[902/1572] logiqa2::logiqa2:901:704
[903/1572] logiqa2::logiqa2:902:3494
[904/1572] logiqa2::logiqa2:903:125
[905/1572] logiqa2::logiqa2:904:6703
[906/1572] logiqa2::logiqa2:905:3210
[907/1572] logiqa2::logiqa2:906:13678
[908/1572] logiqa2::logiqa2:907:2185
[909/1572] logiqa2::logiqa2:908:14258
[910/1572] logiqa2::logiqa2:909:2163
[911/1572] logiqa2::logiqa2:910:7752
[912/1572] logiqa2::logiqa2:911:2281
[913/1572] logiqa2::logiqa2:912:7730
[914/1572] logiqa2::logiqa2:913:13737
[915/1572] logiqa2::logiqa2:914:3992
[916/1572] logiqa2::logiqa2:915:8606
[917/1572] logiqa2::logiqa2:916:110
[918/1572] logiqa2::logiqa2:917:175
[919/1572] logiqa2::logiqa2:918:10571
[920/1572] logiqa2::logiqa2:919:10079
[921/1572] logiqa2::logiqa2:920:1051
[922/1572] logiqa2::logiqa2:921:5672
[923/1572] logiqa2::logiqa2:922:1405
[924/1572] logiqa2::logiqa2:923:10705
[925/1572] logiqa2::logiqa2:924:4650
[926/1572] logiqa2::logiqa2:925:9531
[927/1572] logiqa2::logiqa2:926:6487
[928/1572] logiqa2::logiqa2:927:13214
[929/1572] logiqa2::logiqa2:928:672
[930/1572] logiqa2::logiqa2:929:14151
[931/1572] logiqa2::logiqa2:930:4834
[932/1572] logiqa2::logiqa2:931:12968
[933/1572] logiqa2::logiqa2:932:14590
[934/1572] logiqa2::logiqa2:933:10668
[935/1572] logiqa2::logiqa2:934:8512
[936/1572] logiqa2::logiqa2:935:10389
[937/1572] logiqa2::logiqa2:936:6508
[938/1572] logiqa2::logiqa2:937:2445
[939/1572] logiqa2::logiqa2:938:14845
[940/1572] logiqa2::logiqa2:939:11378
[941/1572] logiqa2::logiqa2:940:7590
[942/1572] logiqa2::logiqa2:941:12488
[943/1572] logiqa2::logiqa2:942:9602
[944/1572] logiqa2::logiqa2:943:11607
[945/1572] logiqa2::logiqa2:944:15195
[946/1572] logiqa2::logiqa2:945:11957
[947/1572] logiqa2::logiqa2:946:9494
[948/1572] logiqa2::logiqa2:947:9029
[949/1572] logiqa2::logiqa2:948:10615
[950/1572] logiqa2::logiqa2:949:5745
[951/1572] logiqa2::logiqa2:950:15180
[952/1572] logiqa2::logiqa2:951:12674
[953/1572] logiqa2::logiqa2:952:11953
[954/1572] logiqa2::logiqa2:953:10797
[955/1572] logiqa2::logiqa2:954:14389
[956/1572] logiqa2::logiqa2:955:4265
[957/1572] logiqa2::logiqa2:956:2196
[958/1572] logiqa2::logiqa2:957:8354
[959/1572] logiqa2::logiqa2:958:5300
[960/1572] logiqa2::logiqa2:959:2139
[961/1572] logiqa2::logiqa2:960:13654
[962/1572] logiqa2::logiqa2:961:3059
[963/1572] logiqa2::logiqa2:962:7999
[964/1572] logiqa2::logiqa2:963:2972
[965/1572] logiqa2::logiqa2:964:8447
[966/1572] logiqa2::logiqa2:965:846
[967/1572] logiqa2::logiqa2:966:2453
[968/1572] logiqa2::logiqa2:967:7569
[969/1572] logiqa2::logiqa2:968:4948
[970/1572] logiqa2::logiqa2:969:12323
[971/1572] logiqa2::logiqa2:970:972
[972/1572] logiqa2::logiqa2:971:2907
[973/1572] logiqa2::logiqa2:972:8137
[974/1572] logiqa2::logiqa2:973:10908
[975/1572] logiqa2::logiqa2:974:5258
[976/1572] logiqa2::logiqa2:975:6087
[977/1572] logiqa2::logiqa2:976:4998
[978/1572] logiqa2::logiqa2:977:5725
[979/1572] logiqa2::logiqa2:978:2369
[980/1572] logiqa2::logiqa2:979:4921
[981/1572] logiqa2::logiqa2:980:2762
[982/1572] logiqa2::logiqa2:981:4787
[983/1572] logiqa2::logiqa2:982:12287
[984/1572] logiqa2::logiqa2:983:8352
[985/1572] logiqa2::logiqa2:984:14967
[986/1572] logiqa2::logiqa2:985:9491
[987/1572] logiqa2::logiqa2:986:9646
[988/1572] logiqa2::logiqa2:987:12713
[989/1572] logiqa2::logiqa2:988:4000
[990/1572] logiqa2::logiqa2:989:1743
[991/1572] logiqa2::logiqa2:990:8935
[992/1572] logiqa2::logiqa2:991:10684
[993/1572] logiqa2::logiqa2:992:4818
[994/1572] logiqa2::logiqa2:993:2970
[995/1572] logiqa2::logiqa2:994:10199
[996/1572] logiqa2::logiqa2:995:6187
[997/1572] logiqa2::logiqa2:996:559
[998/1572] logiqa2::logiqa2:997:169
[999/1572] logiqa2::logiqa2:998:4361
[1000/1572] logiqa2::logiqa2:999:14299
[1001/1572] logiqa2::logiqa2:1000:5960
[1002/1572] logiqa2::logiqa2:1001:11063
[1003/1572] logiqa2::logiqa2:1002:6099
[1004/1572] logiqa2::logiqa2:1003:1847
[1005/1572] logiqa2::logiqa2:1004:2619
[1006/1572] logiqa2::logiqa2:1005:5297
[1007/1572] logiqa2::logiqa2:1006:2291
[1008/1572] logiqa2::logiqa2:1007:1390
[1009/1572] logiqa2::logiqa2:1008:10603
[1010/1572] logiqa2::logiqa2:1009:1050
[1011/1572] logiqa2::logiqa2:1010:11061
[1012/1572] logiqa2::logiqa2:1011:7568
[1013/1572] logiqa2::logiqa2:1012:1734
[1014/1572] logiqa2::logiqa2:1013:11523
[1015/1572] logiqa2::logiqa2:1014:9735
[1016/1572] logiqa2::logiqa2:1015:12361
[1017/1572] logiqa2::logiqa2:1016:6952
[1018/1572] logiqa2::logiqa2:1017:11730
[1019/1572] logiqa2::logiqa2:1018:13807
[1020/1572] logiqa2::logiqa2:1019:1908
[1021/1572] logiqa2::logiqa2:1020:6407
[1022/1572] logiqa2::logiqa2:1021:2212
[1023/1572] logiqa2::logiqa2:1022:4365
[1024/1572] logiqa2::logiqa2:1023:5038
[1025/1572] logiqa2::logiqa2:1024:13514
[1026/1572] logiqa2::logiqa2:1025:10975
[1027/1572] logiqa2::logiqa2:1026:8170
[1028/1572] logiqa2::logiqa2:1027:5218
[1029/1572] logiqa2::logiqa2:1028:10494
[1030/1572] logiqa2::logiqa2:1029:1113
[1031/1572] logiqa2::logiqa2:1030:8865
[1032/1572] logiqa2::logiqa2:1031:5405
[1033/1572] logiqa2::logiqa2:1032:14432
[1034/1572] logiqa2::logiqa2:1033:9327
[1035/1572] logiqa2::logiqa2:1034:5926
[1036/1572] logiqa2::logiqa2:1035:1803
[1037/1572] logiqa2::logiqa2:1036:7142
[1038/1572] logiqa2::logiqa2:1037:8320
[1039/1572] logiqa2::logiqa2:1038:11469
[1040/1572] logiqa2::logiqa2:1039:13267
[1041/1572] logiqa2::logiqa2:1040:5826
[1042/1572] logiqa2::logiqa2:1041:12926
[1043/1572] logiqa2::logiqa2:1042:13274
[1044/1572] logiqa2::logiqa2:1043:8635
[1045/1572] logiqa2::logiqa2:1044:8460
[1046/1572] logiqa2::logiqa2:1045:1874
[1047/1572] logiqa2::logiqa2:1046:9578
[1048/1572] logiqa2::logiqa2:1047:11104
[1049/1572] logiqa2::logiqa2:1048:10638
[1050/1572] logiqa2::logiqa2:1049:14043
[1051/1572] logiqa2::logiqa2:1050:10981
[1052/1572] logiqa2::logiqa2:1051:5954
[1053/1572] logiqa2::logiqa2:1052:4514
[1054/1572] logiqa2::logiqa2:1053:10904
[1055/1572] logiqa2::logiqa2:1054:4377
[1056/1572] logiqa2::logiqa2:1055:9191
[1057/1572] logiqa2::logiqa2:1056:10365
[1058/1572] logiqa2::logiqa2:1057:351
[1059/1572] logiqa2::logiqa2:1058:5617
[1060/1572] logiqa2::logiqa2:1059:8181
[1061/1572] logiqa2::logiqa2:1060:7506
[1062/1572] logiqa2::logiqa2:1061:14030
[1063/1572] logiqa2::logiqa2:1062:4052
[1064/1572] logiqa2::logiqa2:1063:7222
[1065/1572] logiqa2::logiqa2:1064:4289
[1066/1572] logiqa2::logiqa2:1065:1114
[1067/1572] logiqa2::logiqa2:1066:14241
[1068/1572] logiqa2::logiqa2:1067:3156
[1069/1572] logiqa2::logiqa2:1068:10646
[1070/1572] logiqa2::logiqa2:1069:14211
[1071/1572] logiqa2::logiqa2:1070:8032
[1072/1572] logiqa2::logiqa2:1071:7799
[1073/1572] logiqa2::logiqa2:1072:4448
[1074/1572] logiqa2::logiqa2:1073:11465
[1075/1572] logiqa2::logiqa2:1074:6855
[1076/1572] logiqa2::logiqa2:1075:13900
[1077/1572] logiqa2::logiqa2:1076:10792
[1078/1572] logiqa2::logiqa2:1077:2891
[1079/1572] logiqa2::logiqa2:1078:13696
[1080/1572] logiqa2::logiqa2:1079:11464
[1081/1572] logiqa2::logiqa2:1080:11646
[1082/1572] logiqa2::logiqa2:1081:4665
[1083/1572] logiqa2::logiqa2:1082:2261
[1084/1572] logiqa2::logiqa2:1083:14333
[1085/1572] logiqa2::logiqa2:1084:13602
[1086/1572] logiqa2::logiqa2:1085:14562
[1087/1572] logiqa2::logiqa2:1086:2605
[1088/1572] logiqa2::logiqa2:1087:1679
[1089/1572] logiqa2::logiqa2:1088:12155
[1090/1572] logiqa2::logiqa2:1089:10931
[1091/1572] logiqa2::logiqa2:1090:12487
[1092/1572] logiqa2::logiqa2:1091:4374
[1093/1572] logiqa2::logiqa2:1092:6747
[1094/1572] logiqa2::logiqa2:1093:9080
[1095/1572] logiqa2::logiqa2:1094:8012
[1096/1572] logiqa2::logiqa2:1095:4236
[1097/1572] logiqa2::logiqa2:1096:2040
[1098/1572] logiqa2::logiqa2:1097:4745
[1099/1572] logiqa2::logiqa2:1098:262
[1100/1572] logiqa2::logiqa2:1099:9504
[1101/1572] logiqa2::logiqa2:1100:8840
[1102/1572] logiqa2::logiqa2:1101:2987
[1103/1572] logiqa2::logiqa2:1102:1223
[1104/1572] logiqa2::logiqa2:1103:14398
[1105/1572] logiqa2::logiqa2:1104:4326
[1106/1572] logiqa2::logiqa2:1105:7143
[1107/1572] logiqa2::logiqa2:1106:13608
[1108/1572] logiqa2::logiqa2:1107:14798
[1109/1572] logiqa2::logiqa2:1108:7283
[1110/1572] logiqa2::logiqa2:1109:4637
[1111/1572] logiqa2::logiqa2:1110:3550
[1112/1572] logiqa2::logiqa2:1111:4351
[1113/1572] logiqa2::logiqa2:1112:12491
[1114/1572] logiqa2::logiqa2:1113:4961
[1115/1572] logiqa2::logiqa2:1114:6022
[1116/1572] logiqa2::logiqa2:1115:4086
[1117/1572] logiqa2::logiqa2:1116:5782
[1118/1572] logiqa2::logiqa2:1117:13550
[1119/1572] logiqa2::logiqa2:1118:9283
[1120/1572] logiqa2::logiqa2:1119:4736
[1121/1572] logiqa2::logiqa2:1120:7417
[1122/1572] logiqa2::logiqa2:1121:13254
[1123/1572] logiqa2::logiqa2:1122:3136
[1124/1572] logiqa2::logiqa2:1123:6188
[1125/1572] logiqa2::logiqa2:1124:1620
[1126/1572] logiqa2::logiqa2:1125:14565
[1127/1572] logiqa2::logiqa2:1126:1001
[1128/1572] logiqa2::logiqa2:1127:6423
[1129/1572] logiqa2::logiqa2:1128:6778
[1130/1572] logiqa2::logiqa2:1129:13112
[1131/1572] logiqa2::logiqa2:1130:4521
[1132/1572] logiqa2::logiqa2:1131:10585
[1133/1572] logiqa2::logiqa2:1132:14002
[1134/1572] logiqa2::logiqa2:1133:12687
[1135/1572] logiqa2::logiqa2:1134:8413
[1136/1572] logiqa2::logiqa2:1135:4497
[1137/1572] logiqa2::logiqa2:1136:10969
[1138/1572] logiqa2::logiqa2:1137:13379
[1139/1572] logiqa2::logiqa2:1138:10593
[1140/1572] logiqa2::logiqa2:1139:4498
[1141/1572] logiqa2::logiqa2:1140:5332
[1142/1572] logiqa2::logiqa2:1141:10853
[1143/1572] logiqa2::logiqa2:1142:12376
[1144/1572] logiqa2::logiqa2:1143:2135
[1145/1572] logiqa2::logiqa2:1144:5801
[1146/1572] logiqa2::logiqa2:1145:3080
[1147/1572] logiqa2::logiqa2:1146:11420
[1148/1572] logiqa2::logiqa2:1147:362
[1149/1572] logiqa2::logiqa2:1148:6668
[1150/1572] logiqa2::logiqa2:1149:6495
[1151/1572] logiqa2::logiqa2:1150:10863
[1152/1572] logiqa2::logiqa2:1151:14702
[1153/1572] logiqa2::logiqa2:1152:8556
[1154/1572] logiqa2::logiqa2:1153:3895
[1155/1572] logiqa2::logiqa2:1154:2915
[1156/1572] logiqa2::logiqa2:1155:10947
[1157/1572] logiqa2::logiqa2:1156:4475
[1158/1572] logiqa2::logiqa2:1157:13702
[1159/1572] logiqa2::logiqa2:1158:12733
[1160/1572] logiqa2::logiqa2:1159:5591
[1161/1572] logiqa2::logiqa2:1160:1663
[1162/1572] logiqa2::logiqa2:1161:839
[1163/1572] logiqa2::logiqa2:1162:7215
[1164/1572] logiqa2::logiqa2:1163:7620
[1165/1572] logiqa2::logiqa2:1164:3831
[1166/1572] logiqa2::logiqa2:1165:2057
[1167/1572] logiqa2::logiqa2:1166:7447
[1168/1572] logiqa2::logiqa2:1167:8023
[1169/1572] logiqa2::logiqa2:1168:9951
[1170/1572] logiqa2::logiqa2:1169:3175
[1171/1572] logiqa2::logiqa2:1170:9158
[1172/1572] logiqa2::logiqa2:1171:5650
[1173/1572] logiqa2::logiqa2:1172:10256
[1174/1572] logiqa2::logiqa2:1173:903
[1175/1572] logiqa2::logiqa2:1174:393
[1176/1572] logiqa2::logiqa2:1175:13396
[1177/1572] logiqa2::logiqa2:1176:429
[1178/1572] logiqa2::logiqa2:1177:7187
[1179/1572] logiqa2::logiqa2:1178:7279
[1180/1572] logiqa2::logiqa2:1179:4437
[1181/1572] logiqa2::logiqa2:1180:1718
[1182/1572] logiqa2::logiqa2:1181:4996
[1183/1572] logiqa2::logiqa2:1182:14237
[1184/1572] logiqa2::logiqa2:1183:7144
[1185/1572] logiqa2::logiqa2:1184:9345
[1186/1572] logiqa2::logiqa2:1185:7555
[1187/1572] logiqa2::logiqa2:1186:14295
[1188/1572] logiqa2::logiqa2:1187:7669
[1189/1572] logiqa2::logiqa2:1188:11059
[1190/1572] logiqa2::logiqa2:1189:10503
[1191/1572] logiqa2::logiqa2:1190:12640
[1192/1572] logiqa2::logiqa2:1191:10570
[1193/1572] logiqa2::logiqa2:1192:13106
[1194/1572] logiqa2::logiqa2:1193:8411
[1195/1572] logiqa2::logiqa2:1194:4091
[1196/1572] logiqa2::logiqa2:1195:4147
[1197/1572] logiqa2::logiqa2:1196:4252
[1198/1572] logiqa2::logiqa2:1197:3838
[1199/1572] logiqa2::logiqa2:1198:1325
[1200/1572] logiqa2::logiqa2:1199:12138
[1201/1572] logiqa2::logiqa2:1200:4462
[1202/1572] logiqa2::logiqa2:1201:167
[1203/1572] logiqa2::logiqa2:1202:7406
[1204/1572] logiqa2::logiqa2:1203:3292
[1205/1572] logiqa2::logiqa2:1204:4005
[1206/1572] logiqa2::logiqa2:1205:12022
[1207/1572] logiqa2::logiqa2:1206:15039
[1208/1572] logiqa2::logiqa2:1207:12618
[1209/1572] logiqa2::logiqa2:1208:4662
[1210/1572] logiqa2::logiqa2:1209:305
[1211/1572] logiqa2::logiqa2:1210:13052
[1212/1572] logiqa2::logiqa2:1211:6892
[1213/1572] logiqa2::logiqa2:1212:593
[1214/1572] logiqa2::logiqa2:1213:10306
[1215/1572] logiqa2::logiqa2:1214:13946
[1216/1572] logiqa2::logiqa2:1215:2570
[1217/1572] logiqa2::logiqa2:1216:7714
[1218/1572] logiqa2::logiqa2:1217:1827
[1219/1572] logiqa2::logiqa2:1218:2957
[1220/1572] logiqa2::logiqa2:1219:7924
[1221/1572] logiqa2::logiqa2:1220:9819
[1222/1572] logiqa2::logiqa2:1221:1613
[1223/1572] logiqa2::logiqa2:1222:182
[1224/1572] logiqa2::logiqa2:1223:3928
[1225/1572] logiqa2::logiqa2:1224:11240
[1226/1572] logiqa2::logiqa2:1225:6784
[1227/1572] logiqa2::logiqa2:1226:14807
[1228/1572] logiqa2::logiqa2:1227:679
[1229/1572] logiqa2::logiqa2:1228:5335
[1230/1572] logiqa2::logiqa2:1229:6276
[1231/1572] logiqa2::logiqa2:1230:13457
[1232/1572] logiqa2::logiqa2:1231:6178
[1233/1572] logiqa2::logiqa2:1232:12492
[1234/1572] logiqa2::logiqa2:1233:10892
[1235/1572] logiqa2::logiqa2:1234:10550
[1236/1572] logiqa2::logiqa2:1235:1276
[1237/1572] logiqa2::logiqa2:1236:10745
[1238/1572] logiqa2::logiqa2:1237:11550
[1239/1572] logiqa2::logiqa2:1238:10723
[1240/1572] logiqa2::logiqa2:1239:183
[1241/1572] logiqa2::logiqa2:1240:9983
[1242/1572] logiqa2::logiqa2:1241:11650
[1243/1572] logiqa2::logiqa2:1242:10571
[1244/1572] logiqa2::logiqa2:1243:8989
[1245/1572] logiqa2::logiqa2:1244:4713
[1246/1572] logiqa2::logiqa2:1245:6956
[1247/1572] logiqa2::logiqa2:1246:3079
[1248/1572] logiqa2::logiqa2:1247:8923
[1249/1572] logiqa2::logiqa2:1248:5319
[1250/1572] logiqa2::logiqa2:1249:1193
[1251/1572] logiqa2::logiqa2:1250:656
[1252/1572] logiqa2::logiqa2:1251:1290
[1253/1572] logiqa2::logiqa2:1252:7327
[1254/1572] logiqa2::logiqa2:1253:5554
[1255/1572] logiqa2::logiqa2:1254:11393
[1256/1572] logiqa2::logiqa2:1255:8223
[1257/1572] logiqa2::logiqa2:1256:6846
[1258/1572] logiqa2::logiqa2:1257:6432
[1259/1572] logiqa2::logiqa2:1258:9548
[1260/1572] logiqa2::logiqa2:1259:9565
[1261/1572] logiqa2::logiqa2:1260:6894
[1262/1572] logiqa2::logiqa2:1261:13941
[1263/1572] logiqa2::logiqa2:1262:12416
[1264/1572] logiqa2::logiqa2:1263:7208
[1265/1572] logiqa2::logiqa2:1264:14286
[1266/1572] logiqa2::logiqa2:1265:9136
[1267/1572] logiqa2::logiqa2:1266:5014
[1268/1572] logiqa2::logiqa2:1267:7052
[1269/1572] logiqa2::logiqa2:1268:9634
[1270/1572] logiqa2::logiqa2:1269:11638
[1271/1572] logiqa2::logiqa2:1270:994
[1272/1572] logiqa2::logiqa2:1271:2868
[1273/1572] logiqa2::logiqa2:1272:1269
[1274/1572] logiqa2::logiqa2:1273:2444
[1275/1572] logiqa2::logiqa2:1274:9307
[1276/1572] logiqa2::logiqa2:1275:8539
[1277/1572] logiqa2::logiqa2:1276:15023
[1278/1572] logiqa2::logiqa2:1277:9039
[1279/1572] logiqa2::logiqa2:1278:9336
[1280/1572] logiqa2::logiqa2:1279:9425
[1281/1572] logiqa2::logiqa2:1280:14715
[1282/1572] logiqa2::logiqa2:1281:6105
[1283/1572] logiqa2::logiqa2:1282:5519
[1284/1572] logiqa2::logiqa2:1283:2655
[1285/1572] logiqa2::logiqa2:1284:2636
[1286/1572] logiqa2::logiqa2:1285:14487
[1287/1572] logiqa2::logiqa2:1286:8803
[1288/1572] logiqa2::logiqa2:1287:7368
[1289/1572] logiqa2::logiqa2:1288:6706
[1290/1572] logiqa2::logiqa2:1289:11590
[1291/1572] logiqa2::logiqa2:1290:177
[1292/1572] logiqa2::logiqa2:1291:12623
[1293/1572] logiqa2::logiqa2:1292:12060
[1294/1572] logiqa2::logiqa2:1293:4889
[1295/1572] logiqa2::logiqa2:1294:8574
[1296/1572] logiqa2::logiqa2:1295:9091
[1297/1572] logiqa2::logiqa2:1296:5349
[1298/1572] logiqa2::logiqa2:1297:1424
[1299/1572] logiqa2::logiqa2:1298:9746
[1300/1572] logiqa2::logiqa2:1299:9188
[1301/1572] logiqa2::logiqa2:1300:4905
[1302/1572] logiqa2::logiqa2:1301:12277
[1303/1572] logiqa2::logiqa2:1302:12499
[1304/1572] logiqa2::logiqa2:1303:2763
[1305/1572] logiqa2::logiqa2:1304:1265
[1306/1572] logiqa2::logiqa2:1305:2263
[1307/1572] logiqa2::logiqa2:1306:492
[1308/1572] logiqa2::logiqa2:1307:10568
[1309/1572] logiqa2::logiqa2:1308:12450
[1310/1572] logiqa2::logiqa2:1309:7671
[1311/1572] logiqa2::logiqa2:1310:5817
[1312/1572] logiqa2::logiqa2:1311:6431
[1313/1572] logiqa2::logiqa2:1312:850
[1314/1572] logiqa2::logiqa2:1313:8004
[1315/1572] logiqa2::logiqa2:1314:11630
[1316/1572] logiqa2::logiqa2:1315:13111
[1317/1572] logiqa2::logiqa2:1316:7583
[1318/1572] logiqa2::logiqa2:1317:8686
[1319/1572] logiqa2::logiqa2:1318:9713
[1320/1572] logiqa2::logiqa2:1319:14818
[1321/1572] logiqa2::logiqa2:1320:6293
[1322/1572] logiqa2::logiqa2:1321:6261
[1323/1572] logiqa2::logiqa2:1322:8167
[1324/1572] logiqa2::logiqa2:1323:6342
[1325/1572] logiqa2::logiqa2:1324:3431
[1326/1572] logiqa2::logiqa2:1325:2034
[1327/1572] logiqa2::logiqa2:1326:6406
[1328/1572] logiqa2::logiqa2:1327:4383
[1329/1572] logiqa2::logiqa2:1328:5356
[1330/1572] logiqa2::logiqa2:1329:15025
[1331/1572] logiqa2::logiqa2:1330:6563
[1332/1572] logiqa2::logiqa2:1331:12994
[1333/1572] logiqa2::logiqa2:1332:12440
[1334/1572] logiqa2::logiqa2:1333:6162
[1335/1572] logiqa2::logiqa2:1334:6078
[1336/1572] logiqa2::logiqa2:1335:414
[1337/1572] logiqa2::logiqa2:1336:10294
[1338/1572] logiqa2::logiqa2:1337:3754
[1339/1572] logiqa2::logiqa2:1338:11842
[1340/1572] logiqa2::logiqa2:1339:11486
[1341/1572] logiqa2::logiqa2:1340:10945
[1342/1572] logiqa2::logiqa2:1341:12295
[1343/1572] logiqa2::logiqa2:1342:13234
[1344/1572] logiqa2::logiqa2:1343:7809
[1345/1572] logiqa2::logiqa2:1344:2141
[1346/1572] logiqa2::logiqa2:1345:1614
[1347/1572] logiqa2::logiqa2:1346:970
[1348/1572] logiqa2::logiqa2:1347:2828
[1349/1572] logiqa2::logiqa2:1348:671
[1350/1572] logiqa2::logiqa2:1349:14451
[1351/1572] logiqa2::logiqa2:1350:13370
[1352/1572] logiqa2::logiqa2:1351:2969
[1353/1572] logiqa2::logiqa2:1352:7015
[1354/1572] logiqa2::logiqa2:1353:8044
[1355/1572] logiqa2::logiqa2:1354:3670
[1356/1572] logiqa2::logiqa2:1355:7136
[1357/1572] logiqa2::logiqa2:1356:11268
[1358/1572] logiqa2::logiqa2:1357:1699
[1359/1572] logiqa2::logiqa2:1358:55
[1360/1572] logiqa2::logiqa2:1359:14703
[1361/1572] logiqa2::logiqa2:1360:6732
[1362/1572] logiqa2::logiqa2:1361:7265
[1363/1572] logiqa2::logiqa2:1362:14064
[1364/1572] logiqa2::logiqa2:1363:11028
[1365/1572] logiqa2::logiqa2:1364:1770
[1366/1572] logiqa2::logiqa2:1365:9575
[1367/1572] logiqa2::logiqa2:1366:6736
[1368/1572] logiqa2::logiqa2:1367:8919
[1369/1572] logiqa2::logiqa2:1368:3425
[1370/1572] logiqa2::logiqa2:1369:12395
[1371/1572] logiqa2::logiqa2:1370:2380
[1372/1572] logiqa2::logiqa2:1371:5062
[1373/1572] logiqa2::logiqa2:1372:867
[1374/1572] logiqa2::logiqa2:1373:10123
[1375/1572] logiqa2::logiqa2:1374:9629
[1376/1572] logiqa2::logiqa2:1375:12264
[1377/1572] logiqa2::logiqa2:1376:5137
[1378/1572] logiqa2::logiqa2:1377:12922
[1379/1572] logiqa2::logiqa2:1378:15089
[1380/1572] logiqa2::logiqa2:1379:4646
[1381/1572] logiqa2::logiqa2:1380:4172
[1382/1572] logiqa2::logiqa2:1381:11636
[1383/1572] logiqa2::logiqa2:1382:6034
[1384/1572] logiqa2::logiqa2:1383:2718
[1385/1572] logiqa2::logiqa2:1384:4034
[1386/1572] logiqa2::logiqa2:1385:426
[1387/1572] logiqa2::logiqa2:1386:11039
[1388/1572] logiqa2::logiqa2:1387:4128
[1389/1572] logiqa2::logiqa2:1388:13585
[1390/1572] logiqa2::logiqa2:1389:14495
[1391/1572] logiqa2::logiqa2:1390:7464
[1392/1572] logiqa2::logiqa2:1391:439
[1393/1572] logiqa2::logiqa2:1392:8024
[1394/1572] logiqa2::logiqa2:1393:13816
[1395/1572] logiqa2::logiqa2:1394:4394
[1396/1572] logiqa2::logiqa2:1395:10147
[1397/1572] logiqa2::logiqa2:1396:3444
[1398/1572] logiqa2::logiqa2:1397:13887
[1399/1572] logiqa2::logiqa2:1398:5289
[1400/1572] logiqa2::logiqa2:1399:12294
[1401/1572] logiqa2::logiqa2:1400:13433
[1402/1572] logiqa2::logiqa2:1401:8662
[1403/1572] logiqa2::logiqa2:1402:14528
[1404/1572] logiqa2::logiqa2:1403:13121
[1405/1572] logiqa2::logiqa2:1404:522
[1406/1572] logiqa2::logiqa2:1405:5604
[1407/1572] logiqa2::logiqa2:1406:8247
[1408/1572] logiqa2::logiqa2:1407:8122
[1409/1572] logiqa2::logiqa2:1408:15158
[1410/1572] logiqa2::logiqa2:1409:5969
[1411/1572] logiqa2::logiqa2:1410:8348
[1412/1572] logiqa2::logiqa2:1411:3023
[1413/1572] logiqa2::logiqa2:1412:2382
[1414/1572] logiqa2::logiqa2:1413:11128
[1415/1572] logiqa2::logiqa2:1414:5669
[1416/1572] logiqa2::logiqa2:1415:4689
[1417/1572] logiqa2::logiqa2:1416:6611
[1418/1572] logiqa2::logiqa2:1417:15029
[1419/1572] logiqa2::logiqa2:1418:3662
[1420/1572] logiqa2::logiqa2:1419:13006
[1421/1572] logiqa2::logiqa2:1420:4627
[1422/1572] logiqa2::logiqa2:1421:4302
[1423/1572] logiqa2::logiqa2:1422:8279
[1424/1572] logiqa2::logiqa2:1423:256
[1425/1572] logiqa2::logiqa2:1424:8494
[1426/1572] logiqa2::logiqa2:1425:7349
[1427/1572] logiqa2::logiqa2:1426:7019
[1428/1572] logiqa2::logiqa2:1427:2712
[1429/1572] logiqa2::logiqa2:1428:4499
[1430/1572] logiqa2::logiqa2:1429:12163
[1431/1572] logiqa2::logiqa2:1430:4630
[1432/1572] logiqa2::logiqa2:1431:4028
[1433/1572] logiqa2::logiqa2:1432:5106
[1434/1572] logiqa2::logiqa2:1433:12435
[1435/1572] logiqa2::logiqa2:1434:1112
[1436/1572] logiqa2::logiqa2:1435:9255
[1437/1572] logiqa2::logiqa2:1436:5738
[1438/1572] logiqa2::logiqa2:1437:11483
[1439/1572] logiqa2::logiqa2:1438:12731
[1440/1572] logiqa2::logiqa2:1439:13927
[1441/1572] logiqa2::logiqa2:1440:12169
[1442/1572] logiqa2::logiqa2:1441:1984
[1443/1572] logiqa2::logiqa2:1442:5914
[1444/1572] logiqa2::logiqa2:1443:8943
[1445/1572] logiqa2::logiqa2:1444:2403
[1446/1572] logiqa2::logiqa2:1445:3065
[1447/1572] logiqa2::logiqa2:1446:6715
[1448/1572] logiqa2::logiqa2:1447:7195
[1449/1572] logiqa2::logiqa2:1448:14321
[1450/1572] logiqa2::logiqa2:1449:4122
[1451/1572] logiqa2::logiqa2:1450:8710
[1452/1572] logiqa2::logiqa2:1451:3823
[1453/1572] logiqa2::logiqa2:1452:10035
[1454/1572] logiqa2::logiqa2:1453:10432
[1455/1572] logiqa2::logiqa2:1454:5597
[1456/1572] logiqa2::logiqa2:1455:12147
[1457/1572] logiqa2::logiqa2:1456:11599
[1458/1572] logiqa2::logiqa2:1457:8835
[1459/1572] logiqa2::logiqa2:1458:72
[1460/1572] logiqa2::logiqa2:1459:10434
[1461/1572] logiqa2::logiqa2:1460:4734
[1462/1572] logiqa2::logiqa2:1461:4575
[1463/1572] logiqa2::logiqa2:1462:5057
[1464/1572] logiqa2::logiqa2:1463:651
[1465/1572] logiqa2::logiqa2:1464:516
[1466/1572] logiqa2::logiqa2:1465:13623
[1467/1572] logiqa2::logiqa2:1466:14750
[1468/1572] logiqa2::logiqa2:1467:13325
[1469/1572] logiqa2::logiqa2:1468:1812
[1470/1572] logiqa2::logiqa2:1469:13139
[1471/1572] logiqa2::logiqa2:1470:2781
[1472/1572] logiqa2::logiqa2:1471:9882
[1473/1572] logiqa2::logiqa2:1472:6509
[1474/1572] logiqa2::logiqa2:1473:5937
[1475/1572] logiqa2::logiqa2:1474:7582
[1476/1572] logiqa2::logiqa2:1475:5873
[1477/1572] logiqa2::logiqa2:1476:12308
[1478/1572] logiqa2::logiqa2:1477:6529
[1479/1572] logiqa2::logiqa2:1478:10977
[1480/1572] logiqa2::logiqa2:1479:4680
[1481/1572] logiqa2::logiqa2:1480:5338
[1482/1572] logiqa2::logiqa2:1481:6150
[1483/1572] logiqa2::logiqa2:1482:9363
[1484/1572] logiqa2::logiqa2:1483:3902
[1485/1572] logiqa2::logiqa2:1484:2219
[1486/1572] logiqa2::logiqa2:1485:3865
[1487/1572] logiqa2::logiqa2:1486:11055
[1488/1572] logiqa2::logiqa2:1487:9472
[1489/1572] logiqa2::logiqa2:1488:13348
[1490/1572] logiqa2::logiqa2:1489:11113
[1491/1572] logiqa2::logiqa2:1490:5894
[1492/1572] logiqa2::logiqa2:1491:4074
[1493/1572] logiqa2::logiqa2:1492:2145
[1494/1572] logiqa2::logiqa2:1493:3545
[1495/1572] logiqa2::logiqa2:1494:14346
[1496/1572] logiqa2::logiqa2:1495:8162
[1497/1572] logiqa2::logiqa2:1496:5158
[1498/1572] logiqa2::logiqa2:1497:2888
[1499/1572] logiqa2::logiqa2:1498:7709
[1500/1572] logiqa2::logiqa2:1499:13403
[1501/1572] logiqa2::logiqa2:1500:14589
[1502/1572] logiqa2::logiqa2:1501:13440
[1503/1572] logiqa2::logiqa2:1502:4932
[1504/1572] logiqa2::logiqa2:1503:2046
[1505/1572] logiqa2::logiqa2:1504:10676
[1506/1572] logiqa2::logiqa2:1505:6609
[1507/1572] logiqa2::logiqa2:1506:13589
[1508/1572] logiqa2::logiqa2:1507:8571
[1509/1572] logiqa2::logiqa2:1508:15070
[1510/1572] logiqa2::logiqa2:1509:4068
[1511/1572] logiqa2::logiqa2:1510:10739
[1512/1572] logiqa2::logiqa2:1511:161
[1513/1572] logiqa2::logiqa2:1512:6565
[1514/1572] logiqa2::logiqa2:1513:3615
[1515/1572] logiqa2::logiqa2:1514:779
[1516/1572] logiqa2::logiqa2:1515:3123
[1517/1572] logiqa2::logiqa2:1516:12046
[1518/1572] logiqa2::logiqa2:1517:10713
[1519/1572] logiqa2::logiqa2:1518:10696
[1520/1572] logiqa2::logiqa2:1519:9725
[1521/1572] logiqa2::logiqa2:1520:1409
[1522/1572] logiqa2::logiqa2:1521:10515
[1523/1572] logiqa2::logiqa2:1522:11276
[1524/1572] logiqa2::logiqa2:1523:1153
[1525/1572] logiqa2::logiqa2:1524:1616
[1526/1572] logiqa2::logiqa2:1525:5832
[1527/1572] logiqa2::logiqa2:1526:14625
[1528/1572] logiqa2::logiqa2:1527:10083
[1529/1572] logiqa2::logiqa2:1528:7689
[1530/1572] logiqa2::logiqa2:1529:5559
[1531/1572] logiqa2::logiqa2:1530:5506
[1532/1572] logiqa2::logiqa2:1531:6580
[1533/1572] logiqa2::logiqa2:1532:8257
[1534/1572] logiqa2::logiqa2:1533:12557
[1535/1572] logiqa2::logiqa2:1534:6098
[1536/1572] logiqa2::logiqa2:1535:9708
[1537/1572] logiqa2::logiqa2:1536:11563
[1538/1572] logiqa2::logiqa2:1537:11865
[1539/1572] logiqa2::logiqa2:1538:6845
[1540/1572] logiqa2::logiqa2:1539:10161
[1541/1572] logiqa2::logiqa2:1540:12088
[1542/1572] logiqa2::logiqa2:1541:1768
[1543/1572] logiqa2::logiqa2:1542:133
[1544/1572] logiqa2::logiqa2:1543:7825
[1545/1572] logiqa2::logiqa2:1544:573
[1546/1572] logiqa2::logiqa2:1545:2188
[1547/1572] logiqa2::logiqa2:1546:2360
[1548/1572] logiqa2::logiqa2:1547:5590
[1549/1572] logiqa2::logiqa2:1548:5851
[1550/1572] logiqa2::logiqa2:1549:5847
[1551/1572] logiqa2::logiqa2:1550:9825
[1552/1572] logiqa2::logiqa2:1551:10787
[1553/1572] logiqa2::logiqa2:1552:10948
[1554/1572] logiqa2::logiqa2:1553:5990
[1555/1572] logiqa2::logiqa2:1554:13749
[1556/1572] logiqa2::logiqa2:1555:6851
[1557/1572] logiqa2::logiqa2:1556:4055
[1558/1572] logiqa2::logiqa2:1557:1068
[1559/1572] logiqa2::logiqa2:1558:13369
[1560/1572] logiqa2::logiqa2:1559:2430
[1561/1572] logiqa2::logiqa2:1560:11613
[1562/1572] logiqa2::logiqa2:1561:4857
[1563/1572] logiqa2::logiqa2:1562:13707
[1564/1572] logiqa2::logiqa2:1563:3519
[1565/1572] logiqa2::logiqa2:1564:13681
[1566/1572] logiqa2::logiqa2:1565:11498
[1567/1572] logiqa2::logiqa2:1566:11557
[1568/1572] logiqa2::logiqa2:1567:7660
[1569/1572] logiqa2::logiqa2:1568:7702
[1570/1572] logiqa2::logiqa2:1569:14823
[1571/1572] logiqa2::logiqa2:1570:1031
[1572/1572] logiqa2::logiqa2:1571:5387
CUSTOM TRANSFER GENERATION: COMPLETED
successful: 1572
remaining: 0
