========================================================================
CUSTOM V4 FREEZE VERIFICATION
========================================================================
manifest sha256: 975c1d31e43cff2ed3354695aaf13844129e5231dca027e44d3d3cf09b9d714b
rows: 3944
max prompt tokens: 22729
max prompt row: rulearena rulearena:nba:2:10

CUSTOM V4 FREEZE VERIFICATION: PASS
[1/816] rulearena::rulearena:airline:0:0
[2/816] rulearena::rulearena:airline:0:1
[3/816] rulearena::rulearena:airline:0:2
[4/816] rulearena::rulearena:airline:0:3
[5/816] rulearena::rulearena:airline:0:4
[6/816] rulearena::rulearena:airline:0:5
[7/816] rulearena::rulearena:airline:0:6
[8/816] rulearena::rulearena:airline:0:7
[9/816] rulearena::rulearena:airline:0:8
[10/816] rulearena::rulearena:airline:0:9
[11/816] rulearena::rulearena:airline:0:10
[12/816] rulearena::rulearena:airline:0:11
[13/816] rulearena::rulearena:airline:0:12
[14/816] rulearena::rulearena:airline:0:13
[15/816] rulearena::rulearena:airline:0:14
[16/816] rulearena::rulearena:airline:0:15
[17/816] rulearena::rulearena:airline:0:16
[18/816] rulearena::rulearena:airline:0:17
[19/816] rulearena::rulearena:airline:0:18
[20/816] rulearena::rulearena:airline:0:19
[21/816] rulearena::rulearena:airline:0:20
[22/816] rulearena::rulearena:airline:0:21
[23/816] rulearena::rulearena:airline:0:22
[24/816] rulearena::rulearena:airline:0:23
[25/816] rulearena::rulearena:airline:0:24
[26/816] rulearena::rulearena:airline:0:25
[27/816] rulearena::rulearena:airline:0:26
[28/816] rulearena::rulearena:airline:0:27
[29/816] rulearena::rulearena:airline:0:28
[30/816] rulearena::rulearena:airline:0:29
[31/816] rulearena::rulearena:airline:0:30
[32/816] rulearena::rulearena:airline:0:31
[33/816] rulearena::rulearena:airline:0:32
[34/816] rulearena::rulearena:airline:0:33
[35/816] rulearena::rulearena:airline:0:34
[36/816] rulearena::rulearena:airline:0:35
[37/816] rulearena::rulearena:airline:0:36
[38/816] rulearena::rulearena:airline:0:37
[39/816] rulearena::rulearena:airline:0:38
[40/816] rulearena::rulearena:airline:0:39
[41/816] rulearena::rulearena:airline:0:40
[42/816] rulearena::rulearena:airline:0:41
[43/816] rulearena::rulearena:airline:0:42
[44/816] rulearena::rulearena:airline:0:43
[45/816] rulearena::rulearena:airline:0:44
[46/816] rulearena::rulearena:airline:0:45
[47/816] rulearena::rulearena:airline:0:46
[48/816] rulearena::rulearena:airline:0:47
[49/816] rulearena::rulearena:airline:0:48
[50/816] rulearena::rulearena:airline:0:49
[51/816] rulearena::rulearena:airline:0:50
[52/816] rulearena::rulearena:airline:0:51
[53/816] rulearena::rulearena:airline:0:52
[54/816] rulearena::rulearena:airline:0:53
[55/816] rulearena::rulearena:airline:0:54
[56/816] rulearena::rulearena:airline:0:55
[57/816] rulearena::rulearena:airline:0:56
[58/816] rulearena::rulearena:airline:0:57
[59/816] rulearena::rulearena:airline:0:58
[60/816] rulearena::rulearena:airline:0:59
[61/816] rulearena::rulearena:airline:0:60
[62/816] rulearena::rulearena:airline:0:61
[63/816] rulearena::rulearena:airline:0:62
[64/816] rulearena::rulearena:airline:0:63
[65/816] rulearena::rulearena:airline:0:64
[66/816] rulearena::rulearena:airline:0:65
[67/816] rulearena::rulearena:airline:0:66
[68/816] rulearena::rulearena:airline:0:67
[69/816] rulearena::rulearena:airline:0:68
[70/816] rulearena::rulearena:airline:0:69
[71/816] rulearena::rulearena:airline:0:70
[72/816] rulearena::rulearena:airline:0:71
[73/816] rulearena::rulearena:airline:0:72
[74/816] rulearena::rulearena:airline:0:73
[75/816] rulearena::rulearena:airline:0:74
[76/816] rulearena::rulearena:airline:0:75
[77/816] rulearena::rulearena:airline:0:76
[78/816] rulearena::rulearena:airline:0:77
[79/816] rulearena::rulearena:airline:0:78
[80/816] rulearena::rulearena:airline:0:79
[81/816] rulearena::rulearena:airline:0:80
[82/816] rulearena::rulearena:airline:0:81
[83/816] rulearena::rulearena:airline:0:82
[84/816] rulearena::rulearena:airline:0:83
[85/816] rulearena::rulearena:airline:0:84
[86/816] rulearena::rulearena:airline:0:85
[87/816] rulearena::rulearena:airline:0:86
[88/816] rulearena::rulearena:airline:0:87
[89/816] rulearena::rulearena:airline:0:88
[90/816] rulearena::rulearena:airline:0:89
[91/816] rulearena::rulearena:airline:0:90
[92/816] rulearena::rulearena:airline:0:91
[93/816] rulearena::rulearena:airline:0:92
[94/816] rulearena::rulearena:airline:0:93
[95/816] rulearena::rulearena:airline:0:94
[96/816] rulearena::rulearena:airline:0:95
[97/816] rulearena::rulearena:airline:0:96
[98/816] rulearena::rulearena:airline:0:97
[99/816] rulearena::rulearena:airline:0:98
[100/816] rulearena::rulearena:airline:0:99
[101/816] rulearena::rulearena:airline:1:0
[102/816] rulearena::rulearena:airline:1:1
[103/816] rulearena::rulearena:airline:1:2
[104/816] rulearena::rulearena:airline:1:3
[105/816] rulearena::rulearena:airline:1:4
[106/816] rulearena::rulearena:airline:1:5
[107/816] rulearena::rulearena:airline:1:6
[108/816] rulearena::rulearena:airline:1:7
[109/816] rulearena::rulearena:airline:1:8
[110/816] rulearena::rulearena:airline:1:9
[111/816] rulearena::rulearena:airline:1:10
[112/816] rulearena::rulearena:airline:1:11
[113/816] rulearena::rulearena:airline:1:12
[114/816] rulearena::rulearena:airline:1:13
[115/816] rulearena::rulearena:airline:1:14
[116/816] rulearena::rulearena:airline:1:15
[117/816] rulearena::rulearena:airline:1:16
[118/816] rulearena::rulearena:airline:1:17
[119/816] rulearena::rulearena:airline:1:18
[120/816] rulearena::rulearena:airline:1:19
[121/816] rulearena::rulearena:airline:1:20
[122/816] rulearena::rulearena:airline:1:21
[123/816] rulearena::rulearena:airline:1:22
[124/816] rulearena::rulearena:airline:1:23
[125/816] rulearena::rulearena:airline:1:24
[126/816] rulearena::rulearena:airline:1:25
[127/816] rulearena::rulearena:airline:1:26
[128/816] rulearena::rulearena:airline:1:27
[129/816] rulearena::rulearena:airline:1:28
[130/816] rulearena::rulearena:airline:1:29
[131/816] rulearena::rulearena:airline:1:30
[132/816] rulearena::rulearena:airline:1:31
[133/816] rulearena::rulearena:airline:1:32
[134/816] rulearena::rulearena:airline:1:33
[135/816] rulearena::rulearena:airline:1:34
[136/816] rulearena::rulearena:airline:1:35
[137/816] rulearena::rulearena:airline:1:36
[138/816] rulearena::rulearena:airline:1:37
[139/816] rulearena::rulearena:airline:1:38
[140/816] rulearena::rulearena:airline:1:39
[141/816] rulearena::rulearena:airline:1:40
[142/816] rulearena::rulearena:airline:1:41
[143/816] rulearena::rulearena:airline:1:42
[144/816] rulearena::rulearena:airline:1:43
[145/816] rulearena::rulearena:airline:1:44
[146/816] rulearena::rulearena:airline:1:45
[147/816] rulearena::rulearena:airline:1:46
[148/816] rulearena::rulearena:airline:1:47
[149/816] rulearena::rulearena:airline:1:48
[150/816] rulearena::rulearena:airline:1:49
[151/816] rulearena::rulearena:airline:1:50
[152/816] rulearena::rulearena:airline:1:51
[153/816] rulearena::rulearena:airline:1:52
[154/816] rulearena::rulearena:airline:1:53
[155/816] rulearena::rulearena:airline:1:54
[156/816] rulearena::rulearena:airline:1:55
[157/816] rulearena::rulearena:airline:1:56
[158/816] rulearena::rulearena:airline:1:57
[159/816] rulearena::rulearena:airline:1:58
[160/816] rulearena::rulearena:airline:1:59
[161/816] rulearena::rulearena:airline:1:60
[162/816] rulearena::rulearena:airline:1:61
[163/816] rulearena::rulearena:airline:1:62
[164/816] rulearena::rulearena:airline:1:63
[165/816] rulearena::rulearena:airline:1:64
[166/816] rulearena::rulearena:airline:1:65
[167/816] rulearena::rulearena:airline:1:66
[168/816] rulearena::rulearena:airline:1:67
[169/816] rulearena::rulearena:airline:1:68
[170/816] rulearena::rulearena:airline:1:69
[171/816] rulearena::rulearena:airline:1:70
[172/816] rulearena::rulearena:airline:1:71
[173/816] rulearena::rulearena:airline:1:72
[174/816] rulearena::rulearena:airline:1:73
[175/816] rulearena::rulearena:airline:1:74
[176/816] rulearena::rulearena:airline:1:75
[177/816] rulearena::rulearena:airline:1:76
[178/816] rulearena::rulearena:airline:1:77
[179/816] rulearena::rulearena:airline:1:78
[180/816] rulearena::rulearena:airline:1:79
[181/816] rulearena::rulearena:airline:1:80
[182/816] rulearena::rulearena:airline:1:81
[183/816] rulearena::rulearena:airline:1:82
[184/816] rulearena::rulearena:airline:1:83
[185/816] rulearena::rulearena:airline:1:84
[186/816] rulearena::rulearena:airline:1:85
[187/816] rulearena::rulearena:airline:1:86
[188/816] rulearena::rulearena:airline:1:87
[189/816] rulearena::rulearena:airline:1:88
[190/816] rulearena::rulearena:airline:1:89
[191/816] rulearena::rulearena:airline:1:90
[192/816] rulearena::rulearena:airline:1:91
[193/816] rulearena::rulearena:airline:1:92
[194/816] rulearena::rulearena:airline:1:93
[195/816] rulearena::rulearena:airline:1:94
[196/816] rulearena::rulearena:airline:1:95
[197/816] rulearena::rulearena:airline:1:96
[198/816] rulearena::rulearena:airline:1:97
[199/816] rulearena::rulearena:airline:1:98
[200/816] rulearena::rulearena:airline:1:99
[201/816] rulearena::rulearena:airline:2:0
[202/816] rulearena::rulearena:airline:2:1
[203/816] rulearena::rulearena:airline:2:2
[204/816] rulearena::rulearena:airline:2:3
[205/816] rulearena::rulearena:airline:2:4
[206/816] rulearena::rulearena:airline:2:5
[207/816] rulearena::rulearena:airline:2:6
[208/816] rulearena::rulearena:airline:2:7
[209/816] rulearena::rulearena:airline:2:8
[210/816] rulearena::rulearena:airline:2:9
[211/816] rulearena::rulearena:airline:2:10
[212/816] rulearena::rulearena:airline:2:11
[213/816] rulearena::rulearena:airline:2:12
[214/816] rulearena::rulearena:airline:2:13
[215/816] rulearena::rulearena:airline:2:14
[216/816] rulearena::rulearena:airline:2:15
[217/816] rulearena::rulearena:airline:2:16
[218/816] rulearena::rulearena:airline:2:17
[219/816] rulearena::rulearena:airline:2:18
[220/816] rulearena::rulearena:airline:2:19
[221/816] rulearena::rulearena:airline:2:20
[222/816] rulearena::rulearena:airline:2:21
[223/816] rulearena::rulearena:airline:2:22
[224/816] rulearena::rulearena:airline:2:23
[225/816] rulearena::rulearena:airline:2:24
[226/816] rulearena::rulearena:airline:2:25
[227/816] rulearena::rulearena:airline:2:26
[228/816] rulearena::rulearena:airline:2:27
[229/816] rulearena::rulearena:airline:2:28
[230/816] rulearena::rulearena:airline:2:29
[231/816] rulearena::rulearena:airline:2:30
[232/816] rulearena::rulearena:airline:2:31
[233/816] rulearena::rulearena:airline:2:32
[234/816] rulearena::rulearena:airline:2:33
[235/816] rulearena::rulearena:airline:2:34
[236/816] rulearena::rulearena:airline:2:35
[237/816] rulearena::rulearena:airline:2:36
[238/816] rulearena::rulearena:airline:2:37
[239/816] rulearena::rulearena:airline:2:38
[240/816] rulearena::rulearena:airline:2:39
[241/816] rulearena::rulearena:airline:2:40
[242/816] rulearena::rulearena:airline:2:41
[243/816] rulearena::rulearena:airline:2:42
[244/816] rulearena::rulearena:airline:2:43
[245/816] rulearena::rulearena:airline:2:44
[246/816] rulearena::rulearena:airline:2:45
[247/816] rulearena::rulearena:airline:2:46
[248/816] rulearena::rulearena:airline:2:47
[249/816] rulearena::rulearena:airline:2:48
[250/816] rulearena::rulearena:airline:2:49
[251/816] rulearena::rulearena:airline:2:50
[252/816] rulearena::rulearena:airline:2:51
[253/816] rulearena::rulearena:airline:2:52
[254/816] rulearena::rulearena:airline:2:53
[255/816] rulearena::rulearena:airline:2:54
[256/816] rulearena::rulearena:airline:2:55
[257/816] rulearena::rulearena:airline:2:56
[258/816] rulearena::rulearena:airline:2:57
[259/816] rulearena::rulearena:airline:2:58
[260/816] rulearena::rulearena:airline:2:59
[261/816] rulearena::rulearena:airline:2:60
[262/816] rulearena::rulearena:airline:2:61
[263/816] rulearena::rulearena:airline:2:62
[264/816] rulearena::rulearena:airline:2:63
[265/816] rulearena::rulearena:airline:2:64
[266/816] rulearena::rulearena:airline:2:65
[267/816] rulearena::rulearena:airline:2:66
[268/816] rulearena::rulearena:airline:2:67
[269/816] rulearena::rulearena:airline:2:68
[270/816] rulearena::rulearena:airline:2:69
[271/816] rulearena::rulearena:airline:2:70
[272/816] rulearena::rulearena:airline:2:71
[273/816] rulearena::rulearena:airline:2:72
[274/816] rulearena::rulearena:airline:2:73
[275/816] rulearena::rulearena:airline:2:74
[276/816] rulearena::rulearena:airline:2:75
[277/816] rulearena::rulearena:airline:2:76
[278/816] rulearena::rulearena:airline:2:77
[279/816] rulearena::rulearena:airline:2:78
[280/816] rulearena::rulearena:airline:2:79
[281/816] rulearena::rulearena:airline:2:80
[282/816] rulearena::rulearena:airline:2:81
[283/816] rulearena::rulearena:airline:2:82
[284/816] rulearena::rulearena:airline:2:83
[285/816] rulearena::rulearena:airline:2:84
[286/816] rulearena::rulearena:airline:2:85
[287/816] rulearena::rulearena:airline:2:86
[288/816] rulearena::rulearena:airline:2:87
[289/816] rulearena::rulearena:airline:2:88
[290/816] rulearena::rulearena:airline:2:89
[291/816] rulearena::rulearena:airline:2:90
[292/816] rulearena::rulearena:airline:2:91
[293/816] rulearena::rulearena:airline:2:92
[294/816] rulearena::rulearena:airline:2:93
[295/816] rulearena::rulearena:airline:2:94
[296/816] rulearena::rulearena:airline:2:95
[297/816] rulearena::rulearena:airline:2:96
[298/816] rulearena::rulearena:airline:2:97
[299/816] rulearena::rulearena:airline:2:98
[300/816] rulearena::rulearena:airline:2:99
[301/816] rulearena::rulearena:nba:0:0
[302/816] rulearena::rulearena:nba:0:1
[303/816] rulearena::rulearena:nba:0:2
[304/816] rulearena::rulearena:nba:0:3
[305/816] rulearena::rulearena:nba:0:4
[306/816] rulearena::rulearena:nba:0:5
[307/816] rulearena::rulearena:nba:0:6
[308/816] rulearena::rulearena:nba:0:7
[309/816] rulearena::rulearena:nba:0:8
[310/816] rulearena::rulearena:nba:0:9
[311/816] rulearena::rulearena:nba:0:10
[312/816] rulearena::rulearena:nba:0:11
[313/816] rulearena::rulearena:nba:0:12
[314/816] rulearena::rulearena:nba:0:13
[315/816] rulearena::rulearena:nba:0:14
[316/816] rulearena::rulearena:nba:0:15
[317/816] rulearena::rulearena:nba:0:16
[318/816] rulearena::rulearena:nba:0:17
[319/816] rulearena::rulearena:nba:0:18
[320/816] rulearena::rulearena:nba:0:19
[321/816] rulearena::rulearena:nba:0:20
[322/816] rulearena::rulearena:nba:0:21
[323/816] rulearena::rulearena:nba:0:22
[324/816] rulearena::rulearena:nba:0:23
[325/816] rulearena::rulearena:nba:0:24
[326/816] rulearena::rulearena:nba:0:25
[327/816] rulearena::rulearena:nba:0:26
[328/816] rulearena::rulearena:nba:0:27
[329/816] rulearena::rulearena:nba:0:28
[330/816] rulearena::rulearena:nba:0:29
[331/816] rulearena::rulearena:nba:0:30
[332/816] rulearena::rulearena:nba:0:31
[333/816] rulearena::rulearena:nba:0:32
[334/816] rulearena::rulearena:nba:0:33
[335/816] rulearena::rulearena:nba:0:34
[336/816] rulearena::rulearena:nba:0:35
[337/816] rulearena::rulearena:nba:0:36
[338/816] rulearena::rulearena:nba:0:37
[339/816] rulearena::rulearena:nba:0:38
[340/816] rulearena::rulearena:nba:0:39
[341/816] rulearena::rulearena:nba:0:40
[342/816] rulearena::rulearena:nba:0:41
[343/816] rulearena::rulearena:nba:0:42
[344/816] rulearena::rulearena:nba:0:43
[345/816] rulearena::rulearena:nba:0:44
[346/816] rulearena::rulearena:nba:0:45
[347/816] rulearena::rulearena:nba:0:46
[348/816] rulearena::rulearena:nba:0:47
[349/816] rulearena::rulearena:nba:0:48
[350/816] rulearena::rulearena:nba:0:49
[351/816] rulearena::rulearena:nba:0:50
[352/816] rulearena::rulearena:nba:0:51
[353/816] rulearena::rulearena:nba:0:52
[354/816] rulearena::rulearena:nba:0:53
[355/816] rulearena::rulearena:nba:0:54
[356/816] rulearena::rulearena:nba:0:55
[357/816] rulearena::rulearena:nba:0:56
[358/816] rulearena::rulearena:nba:0:57
[359/816] rulearena::rulearena:nba:0:58
[360/816] rulearena::rulearena:nba:0:59
[361/816] rulearena::rulearena:nba:0:60
[362/816] rulearena::rulearena:nba:0:61
[363/816] rulearena::rulearena:nba:0:62
[364/816] rulearena::rulearena:nba:0:63
[365/816] rulearena::rulearena:nba:0:64
[366/816] rulearena::rulearena:nba:0:65
[367/816] rulearena::rulearena:nba:0:66
[368/816] rulearena::rulearena:nba:0:67
[369/816] rulearena::rulearena:nba:0:68
[370/816] rulearena::rulearena:nba:0:69
[371/816] rulearena::rulearena:nba:0:70
[372/816] rulearena::rulearena:nba:0:71
[373/816] rulearena::rulearena:nba:0:72
[374/816] rulearena::rulearena:nba:0:73
[375/816] rulearena::rulearena:nba:0:74
[376/816] rulearena::rulearena:nba:0:75
[377/816] rulearena::rulearena:nba:0:76
[378/816] rulearena::rulearena:nba:0:77
[379/816] rulearena::rulearena:nba:0:78
[380/816] rulearena::rulearena:nba:0:79
[381/816] rulearena::rulearena:nba:0:80
[382/816] rulearena::rulearena:nba:1:0
[383/816] rulearena::rulearena:nba:1:1
[384/816] rulearena::rulearena:nba:1:2
[385/816] rulearena::rulearena:nba:1:3
[386/816] rulearena::rulearena:nba:1:4
[387/816] rulearena::rulearena:nba:1:5
[388/816] rulearena::rulearena:nba:1:6
[389/816] rulearena::rulearena:nba:1:7
[390/816] rulearena::rulearena:nba:1:8
[391/816] rulearena::rulearena:nba:1:9
[392/816] rulearena::rulearena:nba:1:10
[393/816] rulearena::rulearena:nba:1:11
[394/816] rulearena::rulearena:nba:1:12
[395/816] rulearena::rulearena:nba:1:13
[396/816] rulearena::rulearena:nba:1:14
[397/816] rulearena::rulearena:nba:1:15
[398/816] rulearena::rulearena:nba:1:16
[399/816] rulearena::rulearena:nba:1:17
[400/816] rulearena::rulearena:nba:1:18
[401/816] rulearena::rulearena:nba:1:19
[402/816] rulearena::rulearena:nba:1:20
[403/816] rulearena::rulearena:nba:1:21
[404/816] rulearena::rulearena:nba:1:22
[405/816] rulearena::rulearena:nba:1:23
[406/816] rulearena::rulearena:nba:1:24
[407/816] rulearena::rulearena:nba:1:25
[408/816] rulearena::rulearena:nba:1:26
[409/816] rulearena::rulearena:nba:1:27
[410/816] rulearena::rulearena:nba:1:28
[411/816] rulearena::rulearena:nba:1:29
[412/816] rulearena::rulearena:nba:1:30
[413/816] rulearena::rulearena:nba:1:31
[414/816] rulearena::rulearena:nba:1:32
[415/816] rulearena::rulearena:nba:1:33
[416/816] rulearena::rulearena:nba:1:34
[417/816] rulearena::rulearena:nba:1:35
[418/816] rulearena::rulearena:nba:1:36
[419/816] rulearena::rulearena:nba:1:37
[420/816] rulearena::rulearena:nba:1:38
[421/816] rulearena::rulearena:nba:1:39
[422/816] rulearena::rulearena:nba:1:40
[423/816] rulearena::rulearena:nba:1:41
[424/816] rulearena::rulearena:nba:1:42
[425/816] rulearena::rulearena:nba:1:43
[426/816] rulearena::rulearena:nba:1:44
[427/816] rulearena::rulearena:nba:1:45
[428/816] rulearena::rulearena:nba:1:46
[429/816] rulearena::rulearena:nba:1:47
[430/816] rulearena::rulearena:nba:1:48
[431/816] rulearena::rulearena:nba:1:49
[432/816] rulearena::rulearena:nba:1:50
[433/816] rulearena::rulearena:nba:1:51
[434/816] rulearena::rulearena:nba:1:52
[435/816] rulearena::rulearena:nba:1:53
[436/816] rulearena::rulearena:nba:1:54
[437/816] rulearena::rulearena:nba:1:55
[438/816] rulearena::rulearena:nba:1:56
[439/816] rulearena::rulearena:nba:1:57
[440/816] rulearena::rulearena:nba:1:58
[441/816] rulearena::rulearena:nba:1:59
[442/816] rulearena::rulearena:nba:1:60
[443/816] rulearena::rulearena:nba:1:61
[444/816] rulearena::rulearena:nba:1:62
[445/816] rulearena::rulearena:nba:1:63
[446/816] rulearena::rulearena:nba:1:64
[447/816] rulearena::rulearena:nba:1:65
[448/816] rulearena::rulearena:nba:1:66
[449/816] rulearena::rulearena:nba:1:67
[450/816] rulearena::rulearena:nba:1:68
[451/816] rulearena::rulearena:nba:1:69
[452/816] rulearena::rulearena:nba:1:70
[453/816] rulearena::rulearena:nba:1:71
[454/816] rulearena::rulearena:nba:1:72
[455/816] rulearena::rulearena:nba:1:73
[456/816] rulearena::rulearena:nba:1:74
[457/816] rulearena::rulearena:nba:1:75
[458/816] rulearena::rulearena:nba:1:76
[459/816] rulearena::rulearena:nba:1:77
[460/816] rulearena::rulearena:nba:1:78
[461/816] rulearena::rulearena:nba:1:79
[462/816] rulearena::rulearena:nba:1:80
[463/816] rulearena::rulearena:nba:1:81
[464/816] rulearena::rulearena:nba:1:82
[465/816] rulearena::rulearena:nba:1:83
[466/816] rulearena::rulearena:nba:1:84
[467/816] rulearena::rulearena:nba:1:85
[468/816] rulearena::rulearena:nba:1:86
[469/816] rulearena::rulearena:nba:1:87
[470/816] rulearena::rulearena:nba:1:88
[471/816] rulearena::rulearena:nba:2:0
[472/816] rulearena::rulearena:nba:2:1
[473/816] rulearena::rulearena:nba:2:2
[474/816] rulearena::rulearena:nba:2:3
[475/816] rulearena::rulearena:nba:2:4
[476/816] rulearena::rulearena:nba:2:5
[477/816] rulearena::rulearena:nba:2:6
[478/816] rulearena::rulearena:nba:2:7
[479/816] rulearena::rulearena:nba:2:8
[480/816] rulearena::rulearena:nba:2:9
[481/816] rulearena::rulearena:nba:2:10
[482/816] rulearena::rulearena:nba:2:11
[483/816] rulearena::rulearena:nba:2:12
[484/816] rulearena::rulearena:nba:2:13
[485/816] rulearena::rulearena:nba:2:14
[486/816] rulearena::rulearena:nba:2:15
[487/816] rulearena::rulearena:nba:2:16
[488/816] rulearena::rulearena:nba:2:17
[489/816] rulearena::rulearena:nba:2:18
[490/816] rulearena::rulearena:nba:2:19
[491/816] rulearena::rulearena:nba:2:20
[492/816] rulearena::rulearena:nba:2:21
[493/816] rulearena::rulearena:nba:2:22
[494/816] rulearena::rulearena:nba:2:23
[495/816] rulearena::rulearena:nba:2:24
[496/816] rulearena::rulearena:nba:2:25
[497/816] rulearena::rulearena:nba:2:26
[498/816] rulearena::rulearena:nba:2:27
[499/816] rulearena::rulearena:nba:2:28
[500/816] rulearena::rulearena:nba:2:29
[501/816] rulearena::rulearena:nba:2:30
[502/816] rulearena::rulearena:nba:2:31
[503/816] rulearena::rulearena:nba:2:32
[504/816] rulearena::rulearena:nba:2:33
[505/816] rulearena::rulearena:nba:2:34
[506/816] rulearena::rulearena:nba:2:35
[507/816] rulearena::rulearena:nba:2:36
[508/816] rulearena::rulearena:nba:2:37
[509/816] rulearena::rulearena:nba:2:38
[510/816] rulearena::rulearena:nba:2:39
[511/816] rulearena::rulearena:nba:2:40
[512/816] rulearena::rulearena:nba:2:41
[513/816] rulearena::rulearena:nba:2:42
[514/816] rulearena::rulearena:nba:2:43
[515/816] rulearena::rulearena:nba:2:44
[516/816] rulearena::rulearena:nba:2:45
[517/816] rulearena::rulearena:tax:0:0
[518/816] rulearena::rulearena:tax:0:1
[519/816] rulearena::rulearena:tax:0:2
[520/816] rulearena::rulearena:tax:0:3
[521/816] rulearena::rulearena:tax:0:4
[522/816] rulearena::rulearena:tax:0:5
[523/816] rulearena::rulearena:tax:0:6
[524/816] rulearena::rulearena:tax:0:7
[525/816] rulearena::rulearena:tax:0:8
[526/816] rulearena::rulearena:tax:0:9
[527/816] rulearena::rulearena:tax:0:10
[528/816] rulearena::rulearena:tax:0:11
[529/816] rulearena::rulearena:tax:0:12
[530/816] rulearena::rulearena:tax:0:13
[531/816] rulearena::rulearena:tax:0:14
[532/816] rulearena::rulearena:tax:0:15
[533/816] rulearena::rulearena:tax:0:16
[534/816] rulearena::rulearena:tax:0:17
[535/816] rulearena::rulearena:tax:0:18
[536/816] rulearena::rulearena:tax:0:19
[537/816] rulearena::rulearena:tax:0:20
[538/816] rulearena::rulearena:tax:0:21
[539/816] rulearena::rulearena:tax:0:22
[540/816] rulearena::rulearena:tax:0:23
[541/816] rulearena::rulearena:tax:0:24
[542/816] rulearena::rulearena:tax:0:25
[543/816] rulearena::rulearena:tax:0:26
[544/816] rulearena::rulearena:tax:0:27
[545/816] rulearena::rulearena:tax:0:28
[546/816] rulearena::rulearena:tax:0:29
[547/816] rulearena::rulearena:tax:0:30
[548/816] rulearena::rulearena:tax:0:31
[549/816] rulearena::rulearena:tax:0:32
[550/816] rulearena::rulearena:tax:0:33
[551/816] rulearena::rulearena:tax:0:34
[552/816] rulearena::rulearena:tax:0:35
[553/816] rulearena::rulearena:tax:0:36
[554/816] rulearena::rulearena:tax:0:37
[555/816] rulearena::rulearena:tax:0:38
[556/816] rulearena::rulearena:tax:0:39
[557/816] rulearena::rulearena:tax:0:40
[558/816] rulearena::rulearena:tax:0:41
[559/816] rulearena::rulearena:tax:0:42
[560/816] rulearena::rulearena:tax:0:43
[561/816] rulearena::rulearena:tax:0:44
[562/816] rulearena::rulearena:tax:0:45
[563/816] rulearena::rulearena:tax:0:46
[564/816] rulearena::rulearena:tax:0:47
[565/816] rulearena::rulearena:tax:0:48
[566/816] rulearena::rulearena:tax:0:49
[567/816] rulearena::rulearena:tax:0:50
[568/816] rulearena::rulearena:tax:0:51
[569/816] rulearena::rulearena:tax:0:52
[570/816] rulearena::rulearena:tax:0:53
[571/816] rulearena::rulearena:tax:0:54
[572/816] rulearena::rulearena:tax:0:55
[573/816] rulearena::rulearena:tax:0:56
[574/816] rulearena::rulearena:tax:0:57
[575/816] rulearena::rulearena:tax:0:58
[576/816] rulearena::rulearena:tax:0:59
[577/816] rulearena::rulearena:tax:0:60
[578/816] rulearena::rulearena:tax:0:61
[579/816] rulearena::rulearena:tax:0:62
[580/816] rulearena::rulearena:tax:0:63
[581/816] rulearena::rulearena:tax:0:64
[582/816] rulearena::rulearena:tax:0:65
[583/816] rulearena::rulearena:tax:0:66
[584/816] rulearena::rulearena:tax:0:67
[585/816] rulearena::rulearena:tax:0:68
[586/816] rulearena::rulearena:tax:0:69
[587/816] rulearena::rulearena:tax:0:70
[588/816] rulearena::rulearena:tax:0:71
[589/816] rulearena::rulearena:tax:0:72
[590/816] rulearena::rulearena:tax:0:73
[591/816] rulearena::rulearena:tax:0:74
[592/816] rulearena::rulearena:tax:0:75
[593/816] rulearena::rulearena:tax:0:76
[594/816] rulearena::rulearena:tax:0:77
[595/816] rulearena::rulearena:tax:0:78
[596/816] rulearena::rulearena:tax:0:79
[597/816] rulearena::rulearena:tax:0:80
[598/816] rulearena::rulearena:tax:0:81
[599/816] rulearena::rulearena:tax:0:82
[600/816] rulearena::rulearena:tax:0:83
[601/816] rulearena::rulearena:tax:0:84
[602/816] rulearena::rulearena:tax:0:85
[603/816] rulearena::rulearena:tax:0:86
[604/816] rulearena::rulearena:tax:0:87
[605/816] rulearena::rulearena:tax:0:88
[606/816] rulearena::rulearena:tax:0:89
[607/816] rulearena::rulearena:tax:0:90
[608/816] rulearena::rulearena:tax:0:91
[609/816] rulearena::rulearena:tax:0:92
[610/816] rulearena::rulearena:tax:0:93
[611/816] rulearena::rulearena:tax:0:94
[612/816] rulearena::rulearena:tax:0:95
[613/816] rulearena::rulearena:tax:0:96
[614/816] rulearena::rulearena:tax:0:97
[615/816] rulearena::rulearena:tax:0:98
[616/816] rulearena::rulearena:tax:0:99
[617/816] rulearena::rulearena:tax:1:0
[618/816] rulearena::rulearena:tax:1:1
[619/816] rulearena::rulearena:tax:1:2
[620/816] rulearena::rulearena:tax:1:3
[621/816] rulearena::rulearena:tax:1:4
[622/816] rulearena::rulearena:tax:1:5
[623/816] rulearena::rulearena:tax:1:6
[624/816] rulearena::rulearena:tax:1:7
[625/816] rulearena::rulearena:tax:1:8
[626/816] rulearena::rulearena:tax:1:9
[627/816] rulearena::rulearena:tax:1:10
[628/816] rulearena::rulearena:tax:1:11
[629/816] rulearena::rulearena:tax:1:12
[630/816] rulearena::rulearena:tax:1:13
[631/816] rulearena::rulearena:tax:1:14
[632/816] rulearena::rulearena:tax:1:15
[633/816] rulearena::rulearena:tax:1:16
[634/816] rulearena::rulearena:tax:1:17
[635/816] rulearena::rulearena:tax:1:18
[636/816] rulearena::rulearena:tax:1:19
[637/816] rulearena::rulearena:tax:1:20
[638/816] rulearena::rulearena:tax:1:21
[639/816] rulearena::rulearena:tax:1:22
[640/816] rulearena::rulearena:tax:1:23
[641/816] rulearena::rulearena:tax:1:24
[642/816] rulearena::rulearena:tax:1:25
[643/816] rulearena::rulearena:tax:1:26
[644/816] rulearena::rulearena:tax:1:27
[645/816] rulearena::rulearena:tax:1:28
[646/816] rulearena::rulearena:tax:1:29
[647/816] rulearena::rulearena:tax:1:30
[648/816] rulearena::rulearena:tax:1:31
[649/816] rulearena::rulearena:tax:1:32
[650/816] rulearena::rulearena:tax:1:33
[651/816] rulearena::rulearena:tax:1:34
[652/816] rulearena::rulearena:tax:1:35
[653/816] rulearena::rulearena:tax:1:36
[654/816] rulearena::rulearena:tax:1:37
[655/816] rulearena::rulearena:tax:1:38
[656/816] rulearena::rulearena:tax:1:39
[657/816] rulearena::rulearena:tax:1:40
[658/816] rulearena::rulearena:tax:1:41
[659/816] rulearena::rulearena:tax:1:42
[660/816] rulearena::rulearena:tax:1:43
[661/816] rulearena::rulearena:tax:1:44
[662/816] rulearena::rulearena:tax:1:45
[663/816] rulearena::rulearena:tax:1:46
[664/816] rulearena::rulearena:tax:1:47
[665/816] rulearena::rulearena:tax:1:48
[666/816] rulearena::rulearena:tax:1:49
[667/816] rulearena::rulearena:tax:1:50
[668/816] rulearena::rulearena:tax:1:51
[669/816] rulearena::rulearena:tax:1:52
[670/816] rulearena::rulearena:tax:1:53
[671/816] rulearena::rulearena:tax:1:54
[672/816] rulearena::rulearena:tax:1:55
[673/816] rulearena::rulearena:tax:1:56
[674/816] rulearena::rulearena:tax:1:57
[675/816] rulearena::rulearena:tax:1:58
[676/816] rulearena::rulearena:tax:1:59
[677/816] rulearena::rulearena:tax:1:60
[678/816] rulearena::rulearena:tax:1:61
[679/816] rulearena::rulearena:tax:1:62
[680/816] rulearena::rulearena:tax:1:63
[681/816] rulearena::rulearena:tax:1:64
[682/816] rulearena::rulearena:tax:1:65
[683/816] rulearena::rulearena:tax:1:66
[684/816] rulearena::rulearena:tax:1:67
[685/816] rulearena::rulearena:tax:1:68
[686/816] rulearena::rulearena:tax:1:69
[687/816] rulearena::rulearena:tax:1:70
[688/816] rulearena::rulearena:tax:1:71
[689/816] rulearena::rulearena:tax:1:72
[690/816] rulearena::rulearena:tax:1:73
[691/816] rulearena::rulearena:tax:1:74
[692/816] rulearena::rulearena:tax:1:75
[693/816] rulearena::rulearena:tax:1:76
[694/816] rulearena::rulearena:tax:1:77
[695/816] rulearena::rulearena:tax:1:78
[696/816] rulearena::rulearena:tax:1:79
[697/816] rulearena::rulearena:tax:1:80
[698/816] rulearena::rulearena:tax:1:81
[699/816] rulearena::rulearena:tax:1:82
[700/816] rulearena::rulearena:tax:1:83
[701/816] rulearena::rulearena:tax:1:84
[702/816] rulearena::rulearena:tax:1:85
[703/816] rulearena::rulearena:tax:1:86
[704/816] rulearena::rulearena:tax:1:87
[705/816] rulearena::rulearena:tax:1:88
[706/816] rulearena::rulearena:tax:1:89
[707/816] rulearena::rulearena:tax:1:90
[708/816] rulearena::rulearena:tax:1:91
[709/816] rulearena::rulearena:tax:1:92
[710/816] rulearena::rulearena:tax:1:93
[711/816] rulearena::rulearena:tax:1:94
[712/816] rulearena::rulearena:tax:1:95
[713/816] rulearena::rulearena:tax:1:96
[714/816] rulearena::rulearena:tax:1:97
[715/816] rulearena::rulearena:tax:1:98
[716/816] rulearena::rulearena:tax:1:99
[717/816] rulearena::rulearena:tax:2:0
[718/816] rulearena::rulearena:tax:2:1
[719/816] rulearena::rulearena:tax:2:2
[720/816] rulearena::rulearena:tax:2:3
[721/816] rulearena::rulearena:tax:2:4
[722/816] rulearena::rulearena:tax:2:5
[723/816] rulearena::rulearena:tax:2:6
[724/816] rulearena::rulearena:tax:2:7
[725/816] rulearena::rulearena:tax:2:8
[726/816] rulearena::rulearena:tax:2:9
[727/816] rulearena::rulearena:tax:2:10
[728/816] rulearena::rulearena:tax:2:11
[729/816] rulearena::rulearena:tax:2:12
[730/816] rulearena::rulearena:tax:2:13
[731/816] rulearena::rulearena:tax:2:14
[732/816] rulearena::rulearena:tax:2:15
[733/816] rulearena::rulearena:tax:2:16
[734/816] rulearena::rulearena:tax:2:17
[735/816] rulearena::rulearena:tax:2:18
[736/816] rulearena::rulearena:tax:2:19
[737/816] rulearena::rulearena:tax:2:20
[738/816] rulearena::rulearena:tax:2:21
[739/816] rulearena::rulearena:tax:2:22
[740/816] rulearena::rulearena:tax:2:23
[741/816] rulearena::rulearena:tax:2:24
[742/816] rulearena::rulearena:tax:2:25
[743/816] rulearena::rulearena:tax:2:26
[744/816] rulearena::rulearena:tax:2:27
[745/816] rulearena::rulearena:tax:2:28
[746/816] rulearena::rulearena:tax:2:29
[747/816] rulearena::rulearena:tax:2:30
[748/816] rulearena::rulearena:tax:2:31
[749/816] rulearena::rulearena:tax:2:32
[750/816] rulearena::rulearena:tax:2:33
[751/816] rulearena::rulearena:tax:2:34
[752/816] rulearena::rulearena:tax:2:35
[753/816] rulearena::rulearena:tax:2:36
[754/816] rulearena::rulearena:tax:2:37
[755/816] rulearena::rulearena:tax:2:38
[756/816] rulearena::rulearena:tax:2:39
[757/816] rulearena::rulearena:tax:2:40
[758/816] rulearena::rulearena:tax:2:41
[759/816] rulearena::rulearena:tax:2:42
[760/816] rulearena::rulearena:tax:2:43
[761/816] rulearena::rulearena:tax:2:44
[762/816] rulearena::rulearena:tax:2:45
[763/816] rulearena::rulearena:tax:2:46
[764/816] rulearena::rulearena:tax:2:47
[765/816] rulearena::rulearena:tax:2:48
[766/816] rulearena::rulearena:tax:2:49
[767/816] rulearena::rulearena:tax:2:50
[768/816] rulearena::rulearena:tax:2:51
[769/816] rulearena::rulearena:tax:2:52
[770/816] rulearena::rulearena:tax:2:53
[771/816] rulearena::rulearena:tax:2:54
[772/816] rulearena::rulearena:tax:2:55
[773/816] rulearena::rulearena:tax:2:56
[774/816] rulearena::rulearena:tax:2:57
[775/816] rulearena::rulearena:tax:2:58
[776/816] rulearena::rulearena:tax:2:59
[777/816] rulearena::rulearena:tax:2:60
[778/816] rulearena::rulearena:tax:2:61
[779/816] rulearena::rulearena:tax:2:62
[780/816] rulearena::rulearena:tax:2:63
[781/816] rulearena::rulearena:tax:2:64
[782/816] rulearena::rulearena:tax:2:65
[783/816] rulearena::rulearena:tax:2:66
[784/816] rulearena::rulearena:tax:2:67
[785/816] rulearena::rulearena:tax:2:68
[786/816] rulearena::rulearena:tax:2:69
[787/816] rulearena::rulearena:tax:2:70
[788/816] rulearena::rulearena:tax:2:71
[789/816] rulearena::rulearena:tax:2:72
[790/816] rulearena::rulearena:tax:2:73
[791/816] rulearena::rulearena:tax:2:74
[792/816] rulearena::rulearena:tax:2:75
[793/816] rulearena::rulearena:tax:2:76
[794/816] rulearena::rulearena:tax:2:77
[795/816] rulearena::rulearena:tax:2:78
[796/816] rulearena::rulearena:tax:2:79
[797/816] rulearena::rulearena:tax:2:80
[798/816] rulearena::rulearena:tax:2:81
[799/816] rulearena::rulearena:tax:2:82
[800/816] rulearena::rulearena:tax:2:83
[801/816] rulearena::rulearena:tax:2:84
[802/816] rulearena::rulearena:tax:2:85
[803/816] rulearena::rulearena:tax:2:86
[804/816] rulearena::rulearena:tax:2:87
[805/816] rulearena::rulearena:tax:2:88
[806/816] rulearena::rulearena:tax:2:89
[807/816] rulearena::rulearena:tax:2:90
[808/816] rulearena::rulearena:tax:2:91
[809/816] rulearena::rulearena:tax:2:92
[810/816] rulearena::rulearena:tax:2:93
[811/816] rulearena::rulearena:tax:2:94
[812/816] rulearena::rulearena:tax:2:95
[813/816] rulearena::rulearena:tax:2:96
[814/816] rulearena::rulearena:tax:2:97
[815/816] rulearena::rulearena:tax:2:98
[816/816] rulearena::rulearena:tax:2:99
CUSTOM TRANSFER GENERATION: COMPLETED
successful: 816
remaining: 0
