========================================================================
REASONING GYM V4 FREEZE VERIFICATION
========================================================================
rows: 1000
tasks: 10
data sha256: c005eca94a9bd9c8ba1c2a3660349e300daddd101cf427bb61f573f5ccd31ca6
freeze manifest: outputs/transfer/protocol_freeze/v4/reasoning_gym/freeze_manifest.json
freeze manifest sha256: edb05e3736b632f1384aa6996ce1fae972adce04a35e9a8a1a8434e2a8062a97

REASONING GYM V4 FREEZE VERIFICATION: PASS
[1/1000] reasoning_gym.logic.knights_knaves::000
[2/1000] reasoning_gym.logic.knights_knaves::001
[3/1000] reasoning_gym.logic.knights_knaves::002
[4/1000] reasoning_gym.logic.knights_knaves::003
[5/1000] reasoning_gym.logic.knights_knaves::004
[6/1000] reasoning_gym.logic.knights_knaves::005
[7/1000] reasoning_gym.logic.knights_knaves::006
[8/1000] reasoning_gym.logic.knights_knaves::007
[9/1000] reasoning_gym.logic.knights_knaves::008
[10/1000] reasoning_gym.logic.knights_knaves::009
[11/1000] reasoning_gym.logic.knights_knaves::010
[12/1000] reasoning_gym.logic.knights_knaves::011
[13/1000] reasoning_gym.logic.knights_knaves::012
[14/1000] reasoning_gym.logic.knights_knaves::013
[15/1000] reasoning_gym.logic.knights_knaves::014
[16/1000] reasoning_gym.logic.knights_knaves::015
[17/1000] reasoning_gym.logic.knights_knaves::016
[18/1000] reasoning_gym.logic.knights_knaves::017
[19/1000] reasoning_gym.logic.knights_knaves::018
[20/1000] reasoning_gym.logic.knights_knaves::019
[21/1000] reasoning_gym.logic.knights_knaves::020
[22/1000] reasoning_gym.logic.knights_knaves::021
[23/1000] reasoning_gym.logic.knights_knaves::022
[24/1000] reasoning_gym.logic.knights_knaves::023
[25/1000] reasoning_gym.logic.knights_knaves::024
[26/1000] reasoning_gym.logic.knights_knaves::025
[27/1000] reasoning_gym.logic.knights_knaves::026
[28/1000] reasoning_gym.logic.knights_knaves::027
[29/1000] reasoning_gym.logic.knights_knaves::028
[30/1000] reasoning_gym.logic.knights_knaves::029
[31/1000] reasoning_gym.logic.knights_knaves::030
[32/1000] reasoning_gym.logic.knights_knaves::031
[33/1000] reasoning_gym.logic.knights_knaves::032
[34/1000] reasoning_gym.logic.knights_knaves::033
[35/1000] reasoning_gym.logic.knights_knaves::034
[36/1000] reasoning_gym.logic.knights_knaves::035
[37/1000] reasoning_gym.logic.knights_knaves::036
[38/1000] reasoning_gym.logic.knights_knaves::037
[39/1000] reasoning_gym.logic.knights_knaves::038
[40/1000] reasoning_gym.logic.knights_knaves::039
[41/1000] reasoning_gym.logic.knights_knaves::040
[42/1000] reasoning_gym.logic.knights_knaves::041
[43/1000] reasoning_gym.logic.knights_knaves::042
[44/1000] reasoning_gym.logic.knights_knaves::043
[45/1000] reasoning_gym.logic.knights_knaves::044
[46/1000] reasoning_gym.logic.knights_knaves::045
[47/1000] reasoning_gym.logic.knights_knaves::046
[48/1000] reasoning_gym.logic.knights_knaves::047
[49/1000] reasoning_gym.logic.knights_knaves::048
[50/1000] reasoning_gym.logic.knights_knaves::049
[51/1000] reasoning_gym.logic.knights_knaves::050
[52/1000] reasoning_gym.logic.knights_knaves::051
[53/1000] reasoning_gym.logic.knights_knaves::052
[54/1000] reasoning_gym.logic.knights_knaves::053
[55/1000] reasoning_gym.logic.knights_knaves::054
[56/1000] reasoning_gym.logic.knights_knaves::055
[57/1000] reasoning_gym.logic.knights_knaves::056
[58/1000] reasoning_gym.logic.knights_knaves::057
[59/1000] reasoning_gym.logic.knights_knaves::058
[60/1000] reasoning_gym.logic.knights_knaves::059
[61/1000] reasoning_gym.logic.knights_knaves::060
[62/1000] reasoning_gym.logic.knights_knaves::061
[63/1000] reasoning_gym.logic.knights_knaves::062
[64/1000] reasoning_gym.logic.knights_knaves::063
[65/1000] reasoning_gym.logic.knights_knaves::064
[66/1000] reasoning_gym.logic.knights_knaves::065
[67/1000] reasoning_gym.logic.knights_knaves::066
[68/1000] reasoning_gym.logic.knights_knaves::067
[69/1000] reasoning_gym.logic.knights_knaves::068
[70/1000] reasoning_gym.logic.knights_knaves::069
[71/1000] reasoning_gym.logic.knights_knaves::070
[72/1000] reasoning_gym.logic.knights_knaves::071
[73/1000] reasoning_gym.logic.knights_knaves::072
[74/1000] reasoning_gym.logic.knights_knaves::073
[75/1000] reasoning_gym.logic.knights_knaves::074
[76/1000] reasoning_gym.logic.knights_knaves::075
[77/1000] reasoning_gym.logic.knights_knaves::076
[78/1000] reasoning_gym.logic.knights_knaves::077
[79/1000] reasoning_gym.logic.knights_knaves::078
[80/1000] reasoning_gym.logic.knights_knaves::079
[81/1000] reasoning_gym.logic.knights_knaves::080
[82/1000] reasoning_gym.logic.knights_knaves::081
[83/1000] reasoning_gym.logic.knights_knaves::082
[84/1000] reasoning_gym.logic.knights_knaves::083
[85/1000] reasoning_gym.logic.knights_knaves::084
[86/1000] reasoning_gym.logic.knights_knaves::085
[87/1000] reasoning_gym.logic.knights_knaves::086
[88/1000] reasoning_gym.logic.knights_knaves::087
[89/1000] reasoning_gym.logic.knights_knaves::088
[90/1000] reasoning_gym.logic.knights_knaves::089
[91/1000] reasoning_gym.logic.knights_knaves::090
[92/1000] reasoning_gym.logic.knights_knaves::091
[93/1000] reasoning_gym.logic.knights_knaves::092
[94/1000] reasoning_gym.logic.knights_knaves::093
[95/1000] reasoning_gym.logic.knights_knaves::094
[96/1000] reasoning_gym.logic.knights_knaves::095
[97/1000] reasoning_gym.logic.knights_knaves::096
[98/1000] reasoning_gym.logic.knights_knaves::097
[99/1000] reasoning_gym.logic.knights_knaves::098
[100/1000] reasoning_gym.logic.knights_knaves::099
[101/1000] reasoning_gym.logic.zebra_puzzles::000
[102/1000] reasoning_gym.logic.zebra_puzzles::001
[103/1000] reasoning_gym.logic.zebra_puzzles::002
[104/1000] reasoning_gym.logic.zebra_puzzles::003
[105/1000] reasoning_gym.logic.zebra_puzzles::004
[106/1000] reasoning_gym.logic.zebra_puzzles::005
[107/1000] reasoning_gym.logic.zebra_puzzles::006
[108/1000] reasoning_gym.logic.zebra_puzzles::007
[109/1000] reasoning_gym.logic.zebra_puzzles::008
[110/1000] reasoning_gym.logic.zebra_puzzles::009
[111/1000] reasoning_gym.logic.zebra_puzzles::010
[112/1000] reasoning_gym.logic.zebra_puzzles::011
[113/1000] reasoning_gym.logic.zebra_puzzles::012
[114/1000] reasoning_gym.logic.zebra_puzzles::013
[115/1000] reasoning_gym.logic.zebra_puzzles::014
[116/1000] reasoning_gym.logic.zebra_puzzles::015
[117/1000] reasoning_gym.logic.zebra_puzzles::016
[118/1000] reasoning_gym.logic.zebra_puzzles::017
[119/1000] reasoning_gym.logic.zebra_puzzles::018
[120/1000] reasoning_gym.logic.zebra_puzzles::019
[121/1000] reasoning_gym.logic.zebra_puzzles::020
[122/1000] reasoning_gym.logic.zebra_puzzles::021
[123/1000] reasoning_gym.logic.zebra_puzzles::022
[124/1000] reasoning_gym.logic.zebra_puzzles::023
[125/1000] reasoning_gym.logic.zebra_puzzles::024
[126/1000] reasoning_gym.logic.zebra_puzzles::025
[127/1000] reasoning_gym.logic.zebra_puzzles::026
[128/1000] reasoning_gym.logic.zebra_puzzles::027
[129/1000] reasoning_gym.logic.zebra_puzzles::028
[130/1000] reasoning_gym.logic.zebra_puzzles::029
[131/1000] reasoning_gym.logic.zebra_puzzles::030
[132/1000] reasoning_gym.logic.zebra_puzzles::031
[133/1000] reasoning_gym.logic.zebra_puzzles::032
[134/1000] reasoning_gym.logic.zebra_puzzles::033
[135/1000] reasoning_gym.logic.zebra_puzzles::034
[136/1000] reasoning_gym.logic.zebra_puzzles::035
[137/1000] reasoning_gym.logic.zebra_puzzles::036
[138/1000] reasoning_gym.logic.zebra_puzzles::037
[139/1000] reasoning_gym.logic.zebra_puzzles::038
[140/1000] reasoning_gym.logic.zebra_puzzles::039
[141/1000] reasoning_gym.logic.zebra_puzzles::040
[142/1000] reasoning_gym.logic.zebra_puzzles::041
[143/1000] reasoning_gym.logic.zebra_puzzles::042
[144/1000] reasoning_gym.logic.zebra_puzzles::043
[145/1000] reasoning_gym.logic.zebra_puzzles::044
[146/1000] reasoning_gym.logic.zebra_puzzles::045
[147/1000] reasoning_gym.logic.zebra_puzzles::046
[148/1000] reasoning_gym.logic.zebra_puzzles::047
[149/1000] reasoning_gym.logic.zebra_puzzles::048
[150/1000] reasoning_gym.logic.zebra_puzzles::049
[151/1000] reasoning_gym.logic.zebra_puzzles::050
[152/1000] reasoning_gym.logic.zebra_puzzles::051
[153/1000] reasoning_gym.logic.zebra_puzzles::052
[154/1000] reasoning_gym.logic.zebra_puzzles::053
[155/1000] reasoning_gym.logic.zebra_puzzles::054
[156/1000] reasoning_gym.logic.zebra_puzzles::055
[157/1000] reasoning_gym.logic.zebra_puzzles::056
[158/1000] reasoning_gym.logic.zebra_puzzles::057
[159/1000] reasoning_gym.logic.zebra_puzzles::058
[160/1000] reasoning_gym.logic.zebra_puzzles::059
[161/1000] reasoning_gym.logic.zebra_puzzles::060
[162/1000] reasoning_gym.logic.zebra_puzzles::061
[163/1000] reasoning_gym.logic.zebra_puzzles::062
[164/1000] reasoning_gym.logic.zebra_puzzles::063
[165/1000] reasoning_gym.logic.zebra_puzzles::064
[166/1000] reasoning_gym.logic.zebra_puzzles::065
[167/1000] reasoning_gym.logic.zebra_puzzles::066
[168/1000] reasoning_gym.logic.zebra_puzzles::067
[169/1000] reasoning_gym.logic.zebra_puzzles::068
[170/1000] reasoning_gym.logic.zebra_puzzles::069
[171/1000] reasoning_gym.logic.zebra_puzzles::070
[172/1000] reasoning_gym.logic.zebra_puzzles::071
[173/1000] reasoning_gym.logic.zebra_puzzles::072
[174/1000] reasoning_gym.logic.zebra_puzzles::073
[175/1000] reasoning_gym.logic.zebra_puzzles::074
[176/1000] reasoning_gym.logic.zebra_puzzles::075
[177/1000] reasoning_gym.logic.zebra_puzzles::076
[178/1000] reasoning_gym.logic.zebra_puzzles::077
[179/1000] reasoning_gym.logic.zebra_puzzles::078
[180/1000] reasoning_gym.logic.zebra_puzzles::079
[181/1000] reasoning_gym.logic.zebra_puzzles::080
[182/1000] reasoning_gym.logic.zebra_puzzles::081
[183/1000] reasoning_gym.logic.zebra_puzzles::082
[184/1000] reasoning_gym.logic.zebra_puzzles::083
[185/1000] reasoning_gym.logic.zebra_puzzles::084
[186/1000] reasoning_gym.logic.zebra_puzzles::085
[187/1000] reasoning_gym.logic.zebra_puzzles::086
[188/1000] reasoning_gym.logic.zebra_puzzles::087
[189/1000] reasoning_gym.logic.zebra_puzzles::088
[190/1000] reasoning_gym.logic.zebra_puzzles::089
[191/1000] reasoning_gym.logic.zebra_puzzles::090
[192/1000] reasoning_gym.logic.zebra_puzzles::091
[193/1000] reasoning_gym.logic.zebra_puzzles::092
[194/1000] reasoning_gym.logic.zebra_puzzles::093
[195/1000] reasoning_gym.logic.zebra_puzzles::094
[196/1000] reasoning_gym.logic.zebra_puzzles::095
[197/1000] reasoning_gym.logic.zebra_puzzles::096
[198/1000] reasoning_gym.logic.zebra_puzzles::097
[199/1000] reasoning_gym.logic.zebra_puzzles::098
[200/1000] reasoning_gym.logic.zebra_puzzles::099
[201/1000] reasoning_gym.logic.self_reference::000
[202/1000] reasoning_gym.logic.self_reference::001
[203/1000] reasoning_gym.logic.self_reference::002
[204/1000] reasoning_gym.logic.self_reference::003
[205/1000] reasoning_gym.logic.self_reference::004
[206/1000] reasoning_gym.logic.self_reference::005
[207/1000] reasoning_gym.logic.self_reference::006
[208/1000] reasoning_gym.logic.self_reference::007
[209/1000] reasoning_gym.logic.self_reference::008
[210/1000] reasoning_gym.logic.self_reference::009
[211/1000] reasoning_gym.logic.self_reference::010
[212/1000] reasoning_gym.logic.self_reference::011
[213/1000] reasoning_gym.logic.self_reference::012
[214/1000] reasoning_gym.logic.self_reference::013
[215/1000] reasoning_gym.logic.self_reference::014
[216/1000] reasoning_gym.logic.self_reference::015
[217/1000] reasoning_gym.logic.self_reference::016
[218/1000] reasoning_gym.logic.self_reference::017
[219/1000] reasoning_gym.logic.self_reference::018
[220/1000] reasoning_gym.logic.self_reference::019
[221/1000] reasoning_gym.logic.self_reference::020
[222/1000] reasoning_gym.logic.self_reference::021
[223/1000] reasoning_gym.logic.self_reference::022
[224/1000] reasoning_gym.logic.self_reference::023
[225/1000] reasoning_gym.logic.self_reference::024
[226/1000] reasoning_gym.logic.self_reference::025
[227/1000] reasoning_gym.logic.self_reference::026
[228/1000] reasoning_gym.logic.self_reference::027
[229/1000] reasoning_gym.logic.self_reference::028
[230/1000] reasoning_gym.logic.self_reference::029
[231/1000] reasoning_gym.logic.self_reference::030
[232/1000] reasoning_gym.logic.self_reference::031
[233/1000] reasoning_gym.logic.self_reference::032
[234/1000] reasoning_gym.logic.self_reference::033
[235/1000] reasoning_gym.logic.self_reference::034
[236/1000] reasoning_gym.logic.self_reference::035
[237/1000] reasoning_gym.logic.self_reference::036
[238/1000] reasoning_gym.logic.self_reference::037
[239/1000] reasoning_gym.logic.self_reference::038
[240/1000] reasoning_gym.logic.self_reference::039
[241/1000] reasoning_gym.logic.self_reference::040
[242/1000] reasoning_gym.logic.self_reference::041
[243/1000] reasoning_gym.logic.self_reference::042
[244/1000] reasoning_gym.logic.self_reference::043
[245/1000] reasoning_gym.logic.self_reference::044
[246/1000] reasoning_gym.logic.self_reference::045
[247/1000] reasoning_gym.logic.self_reference::046
[248/1000] reasoning_gym.logic.self_reference::047
[249/1000] reasoning_gym.logic.self_reference::048
[250/1000] reasoning_gym.logic.self_reference::049
[251/1000] reasoning_gym.logic.self_reference::050
[252/1000] reasoning_gym.logic.self_reference::051
[253/1000] reasoning_gym.logic.self_reference::052
[254/1000] reasoning_gym.logic.self_reference::053
[255/1000] reasoning_gym.logic.self_reference::054
[256/1000] reasoning_gym.logic.self_reference::055
[257/1000] reasoning_gym.logic.self_reference::056
[258/1000] reasoning_gym.logic.self_reference::057
[259/1000] reasoning_gym.logic.self_reference::058
[260/1000] reasoning_gym.logic.self_reference::059
[261/1000] reasoning_gym.logic.self_reference::060
[262/1000] reasoning_gym.logic.self_reference::061
[263/1000] reasoning_gym.logic.self_reference::062
[264/1000] reasoning_gym.logic.self_reference::063
[265/1000] reasoning_gym.logic.self_reference::064
[266/1000] reasoning_gym.logic.self_reference::065
[267/1000] reasoning_gym.logic.self_reference::066
[268/1000] reasoning_gym.logic.self_reference::067
[269/1000] reasoning_gym.logic.self_reference::068
[270/1000] reasoning_gym.logic.self_reference::069
[271/1000] reasoning_gym.logic.self_reference::070
[272/1000] reasoning_gym.logic.self_reference::071
[273/1000] reasoning_gym.logic.self_reference::072
[274/1000] reasoning_gym.logic.self_reference::073
[275/1000] reasoning_gym.logic.self_reference::074
[276/1000] reasoning_gym.logic.self_reference::075
[277/1000] reasoning_gym.logic.self_reference::076
[278/1000] reasoning_gym.logic.self_reference::077
[279/1000] reasoning_gym.logic.self_reference::078
[280/1000] reasoning_gym.logic.self_reference::079
[281/1000] reasoning_gym.logic.self_reference::080
[282/1000] reasoning_gym.logic.self_reference::081
[283/1000] reasoning_gym.logic.self_reference::082
[284/1000] reasoning_gym.logic.self_reference::083
[285/1000] reasoning_gym.logic.self_reference::084
[286/1000] reasoning_gym.logic.self_reference::085
[287/1000] reasoning_gym.logic.self_reference::086
[288/1000] reasoning_gym.logic.self_reference::087
[289/1000] reasoning_gym.logic.self_reference::088
[290/1000] reasoning_gym.logic.self_reference::089
[291/1000] reasoning_gym.logic.self_reference::090
[292/1000] reasoning_gym.logic.self_reference::091
[293/1000] reasoning_gym.logic.self_reference::092
[294/1000] reasoning_gym.logic.self_reference::093
[295/1000] reasoning_gym.logic.self_reference::094
[296/1000] reasoning_gym.logic.self_reference::095
[297/1000] reasoning_gym.logic.self_reference::096
[298/1000] reasoning_gym.logic.self_reference::097
[299/1000] reasoning_gym.logic.self_reference::098
[300/1000] reasoning_gym.logic.self_reference::099
[301/1000] reasoning_gym.logic.circuit_logic::000
[302/1000] reasoning_gym.logic.circuit_logic::001
[303/1000] reasoning_gym.logic.circuit_logic::002
[304/1000] reasoning_gym.logic.circuit_logic::003
[305/1000] reasoning_gym.logic.circuit_logic::004
[306/1000] reasoning_gym.logic.circuit_logic::005
[307/1000] reasoning_gym.logic.circuit_logic::006
[308/1000] reasoning_gym.logic.circuit_logic::007
[309/1000] reasoning_gym.logic.circuit_logic::008
[310/1000] reasoning_gym.logic.circuit_logic::009
[311/1000] reasoning_gym.logic.circuit_logic::010
[312/1000] reasoning_gym.logic.circuit_logic::011
[313/1000] reasoning_gym.logic.circuit_logic::012
[314/1000] reasoning_gym.logic.circuit_logic::013
[315/1000] reasoning_gym.logic.circuit_logic::014
[316/1000] reasoning_gym.logic.circuit_logic::015
[317/1000] reasoning_gym.logic.circuit_logic::016
[318/1000] reasoning_gym.logic.circuit_logic::017
[319/1000] reasoning_gym.logic.circuit_logic::018
[320/1000] reasoning_gym.logic.circuit_logic::019
[321/1000] reasoning_gym.logic.circuit_logic::020
[322/1000] reasoning_gym.logic.circuit_logic::021
[323/1000] reasoning_gym.logic.circuit_logic::022
[324/1000] reasoning_gym.logic.circuit_logic::023
[325/1000] reasoning_gym.logic.circuit_logic::024
[326/1000] reasoning_gym.logic.circuit_logic::025
[327/1000] reasoning_gym.logic.circuit_logic::026
[328/1000] reasoning_gym.logic.circuit_logic::027
[329/1000] reasoning_gym.logic.circuit_logic::028
[330/1000] reasoning_gym.logic.circuit_logic::029
[331/1000] reasoning_gym.logic.circuit_logic::030
[332/1000] reasoning_gym.logic.circuit_logic::031
[333/1000] reasoning_gym.logic.circuit_logic::032
[334/1000] reasoning_gym.logic.circuit_logic::033
[335/1000] reasoning_gym.logic.circuit_logic::034
[336/1000] reasoning_gym.logic.circuit_logic::035
[337/1000] reasoning_gym.logic.circuit_logic::036
[338/1000] reasoning_gym.logic.circuit_logic::037
[339/1000] reasoning_gym.logic.circuit_logic::038
[340/1000] reasoning_gym.logic.circuit_logic::039
[341/1000] reasoning_gym.logic.circuit_logic::040
[342/1000] reasoning_gym.logic.circuit_logic::041
[343/1000] reasoning_gym.logic.circuit_logic::042
[344/1000] reasoning_gym.logic.circuit_logic::043
[345/1000] reasoning_gym.logic.circuit_logic::044
[346/1000] reasoning_gym.logic.circuit_logic::045
[347/1000] reasoning_gym.logic.circuit_logic::046
[348/1000] reasoning_gym.logic.circuit_logic::047
[349/1000] reasoning_gym.logic.circuit_logic::048
[350/1000] reasoning_gym.logic.circuit_logic::049
[351/1000] reasoning_gym.logic.circuit_logic::050
[352/1000] reasoning_gym.logic.circuit_logic::051
[353/1000] reasoning_gym.logic.circuit_logic::052
[354/1000] reasoning_gym.logic.circuit_logic::053
[355/1000] reasoning_gym.logic.circuit_logic::054
[356/1000] reasoning_gym.logic.circuit_logic::055
[357/1000] reasoning_gym.logic.circuit_logic::056
[358/1000] reasoning_gym.logic.circuit_logic::057
[359/1000] reasoning_gym.logic.circuit_logic::058
[360/1000] reasoning_gym.logic.circuit_logic::059
[361/1000] reasoning_gym.logic.circuit_logic::060
[362/1000] reasoning_gym.logic.circuit_logic::061
[363/1000] reasoning_gym.logic.circuit_logic::062
[364/1000] reasoning_gym.logic.circuit_logic::063
[365/1000] reasoning_gym.logic.circuit_logic::064
[366/1000] reasoning_gym.logic.circuit_logic::065
[367/1000] reasoning_gym.logic.circuit_logic::066
[368/1000] reasoning_gym.logic.circuit_logic::067
[369/1000] reasoning_gym.logic.circuit_logic::068
[370/1000] reasoning_gym.logic.circuit_logic::069
[371/1000] reasoning_gym.logic.circuit_logic::070
[372/1000] reasoning_gym.logic.circuit_logic::071
[373/1000] reasoning_gym.logic.circuit_logic::072
[374/1000] reasoning_gym.logic.circuit_logic::073
[375/1000] reasoning_gym.logic.circuit_logic::074
[376/1000] reasoning_gym.logic.circuit_logic::075
[377/1000] reasoning_gym.logic.circuit_logic::076
[378/1000] reasoning_gym.logic.circuit_logic::077
[379/1000] reasoning_gym.logic.circuit_logic::078
[380/1000] reasoning_gym.logic.circuit_logic::079
[381/1000] reasoning_gym.logic.circuit_logic::080
[382/1000] reasoning_gym.logic.circuit_logic::081
[383/1000] reasoning_gym.logic.circuit_logic::082
[384/1000] reasoning_gym.logic.circuit_logic::083
[385/1000] reasoning_gym.logic.circuit_logic::084
[386/1000] reasoning_gym.logic.circuit_logic::085
[387/1000] reasoning_gym.logic.circuit_logic::086
[388/1000] reasoning_gym.logic.circuit_logic::087
[389/1000] reasoning_gym.logic.circuit_logic::088
[390/1000] reasoning_gym.logic.circuit_logic::089
[391/1000] reasoning_gym.logic.circuit_logic::090
[392/1000] reasoning_gym.logic.circuit_logic::091
[393/1000] reasoning_gym.logic.circuit_logic::092
[394/1000] reasoning_gym.logic.circuit_logic::093
[395/1000] reasoning_gym.logic.circuit_logic::094
[396/1000] reasoning_gym.logic.circuit_logic::095
[397/1000] reasoning_gym.logic.circuit_logic::096
[398/1000] reasoning_gym.logic.circuit_logic::097
[399/1000] reasoning_gym.logic.circuit_logic::098
[400/1000] reasoning_gym.logic.circuit_logic::099
[401/1000] reasoning_gym.graphs.shortest_path::000
[402/1000] reasoning_gym.graphs.shortest_path::001
[403/1000] reasoning_gym.graphs.shortest_path::002
[404/1000] reasoning_gym.graphs.shortest_path::003
[405/1000] reasoning_gym.graphs.shortest_path::004
[406/1000] reasoning_gym.graphs.shortest_path::005
[407/1000] reasoning_gym.graphs.shortest_path::006
[408/1000] reasoning_gym.graphs.shortest_path::007
[409/1000] reasoning_gym.graphs.shortest_path::008
[410/1000] reasoning_gym.graphs.shortest_path::009
[411/1000] reasoning_gym.graphs.shortest_path::010
[412/1000] reasoning_gym.graphs.shortest_path::011
[413/1000] reasoning_gym.graphs.shortest_path::012
[414/1000] reasoning_gym.graphs.shortest_path::013
[415/1000] reasoning_gym.graphs.shortest_path::014
[416/1000] reasoning_gym.graphs.shortest_path::015
[417/1000] reasoning_gym.graphs.shortest_path::016
[418/1000] reasoning_gym.graphs.shortest_path::017
[419/1000] reasoning_gym.graphs.shortest_path::018
[420/1000] reasoning_gym.graphs.shortest_path::019
[421/1000] reasoning_gym.graphs.shortest_path::020
[422/1000] reasoning_gym.graphs.shortest_path::021
[423/1000] reasoning_gym.graphs.shortest_path::022
[424/1000] reasoning_gym.graphs.shortest_path::023
[425/1000] reasoning_gym.graphs.shortest_path::024
[426/1000] reasoning_gym.graphs.shortest_path::025
[427/1000] reasoning_gym.graphs.shortest_path::026
[428/1000] reasoning_gym.graphs.shortest_path::027
[429/1000] reasoning_gym.graphs.shortest_path::028
[430/1000] reasoning_gym.graphs.shortest_path::029
[431/1000] reasoning_gym.graphs.shortest_path::030
[432/1000] reasoning_gym.graphs.shortest_path::031
[433/1000] reasoning_gym.graphs.shortest_path::032
[434/1000] reasoning_gym.graphs.shortest_path::033
[435/1000] reasoning_gym.graphs.shortest_path::034
[436/1000] reasoning_gym.graphs.shortest_path::035
[437/1000] reasoning_gym.graphs.shortest_path::036
[438/1000] reasoning_gym.graphs.shortest_path::037
[439/1000] reasoning_gym.graphs.shortest_path::038
[440/1000] reasoning_gym.graphs.shortest_path::039
[441/1000] reasoning_gym.graphs.shortest_path::040
[442/1000] reasoning_gym.graphs.shortest_path::041
[443/1000] reasoning_gym.graphs.shortest_path::042
[444/1000] reasoning_gym.graphs.shortest_path::043
[445/1000] reasoning_gym.graphs.shortest_path::044
[446/1000] reasoning_gym.graphs.shortest_path::045
[447/1000] reasoning_gym.graphs.shortest_path::046
[448/1000] reasoning_gym.graphs.shortest_path::047
[449/1000] reasoning_gym.graphs.shortest_path::048
[450/1000] reasoning_gym.graphs.shortest_path::049
[451/1000] reasoning_gym.graphs.shortest_path::050
[452/1000] reasoning_gym.graphs.shortest_path::051
[453/1000] reasoning_gym.graphs.shortest_path::052
[454/1000] reasoning_gym.graphs.shortest_path::053
[455/1000] reasoning_gym.graphs.shortest_path::054
[456/1000] reasoning_gym.graphs.shortest_path::055
[457/1000] reasoning_gym.graphs.shortest_path::056
[458/1000] reasoning_gym.graphs.shortest_path::057
[459/1000] reasoning_gym.graphs.shortest_path::058
[460/1000] reasoning_gym.graphs.shortest_path::059
[461/1000] reasoning_gym.graphs.shortest_path::060
[462/1000] reasoning_gym.graphs.shortest_path::061
[463/1000] reasoning_gym.graphs.shortest_path::062
[464/1000] reasoning_gym.graphs.shortest_path::063
[465/1000] reasoning_gym.graphs.shortest_path::064
[466/1000] reasoning_gym.graphs.shortest_path::065
[467/1000] reasoning_gym.graphs.shortest_path::066
[468/1000] reasoning_gym.graphs.shortest_path::067
[469/1000] reasoning_gym.graphs.shortest_path::068
[470/1000] reasoning_gym.graphs.shortest_path::069
[471/1000] reasoning_gym.graphs.shortest_path::070
[472/1000] reasoning_gym.graphs.shortest_path::071
[473/1000] reasoning_gym.graphs.shortest_path::072
[474/1000] reasoning_gym.graphs.shortest_path::073
[475/1000] reasoning_gym.graphs.shortest_path::074
[476/1000] reasoning_gym.graphs.shortest_path::075
[477/1000] reasoning_gym.graphs.shortest_path::076
[478/1000] reasoning_gym.graphs.shortest_path::077
[479/1000] reasoning_gym.graphs.shortest_path::078
[480/1000] reasoning_gym.graphs.shortest_path::079
[481/1000] reasoning_gym.graphs.shortest_path::080
[482/1000] reasoning_gym.graphs.shortest_path::081
[483/1000] reasoning_gym.graphs.shortest_path::082
[484/1000] reasoning_gym.graphs.shortest_path::083
[485/1000] reasoning_gym.graphs.shortest_path::084
[486/1000] reasoning_gym.graphs.shortest_path::085
[487/1000] reasoning_gym.graphs.shortest_path::086
[488/1000] reasoning_gym.graphs.shortest_path::087
[489/1000] reasoning_gym.graphs.shortest_path::088
[490/1000] reasoning_gym.graphs.shortest_path::089
[491/1000] reasoning_gym.graphs.shortest_path::090
[492/1000] reasoning_gym.graphs.shortest_path::091
[493/1000] reasoning_gym.graphs.shortest_path::092
[494/1000] reasoning_gym.graphs.shortest_path::093
[495/1000] reasoning_gym.graphs.shortest_path::094
[496/1000] reasoning_gym.graphs.shortest_path::095
[497/1000] reasoning_gym.graphs.shortest_path::096
[498/1000] reasoning_gym.graphs.shortest_path::097
[499/1000] reasoning_gym.graphs.shortest_path::098
[500/1000] reasoning_gym.graphs.shortest_path::099
[501/1000] reasoning_gym.graphs.family_relationships::000
[502/1000] reasoning_gym.graphs.family_relationships::001
[503/1000] reasoning_gym.graphs.family_relationships::002
[504/1000] reasoning_gym.graphs.family_relationships::003
[505/1000] reasoning_gym.graphs.family_relationships::004
[506/1000] reasoning_gym.graphs.family_relationships::005
[507/1000] reasoning_gym.graphs.family_relationships::006
[508/1000] reasoning_gym.graphs.family_relationships::007
[509/1000] reasoning_gym.graphs.family_relationships::008
[510/1000] reasoning_gym.graphs.family_relationships::009
[511/1000] reasoning_gym.graphs.family_relationships::010
[512/1000] reasoning_gym.graphs.family_relationships::011
[513/1000] reasoning_gym.graphs.family_relationships::012
[514/1000] reasoning_gym.graphs.family_relationships::013
[515/1000] reasoning_gym.graphs.family_relationships::014
[516/1000] reasoning_gym.graphs.family_relationships::015
[517/1000] reasoning_gym.graphs.family_relationships::016
[518/1000] reasoning_gym.graphs.family_relationships::017
[519/1000] reasoning_gym.graphs.family_relationships::018
[520/1000] reasoning_gym.graphs.family_relationships::019
[521/1000] reasoning_gym.graphs.family_relationships::020
[522/1000] reasoning_gym.graphs.family_relationships::021
[523/1000] reasoning_gym.graphs.family_relationships::022
[524/1000] reasoning_gym.graphs.family_relationships::023
[525/1000] reasoning_gym.graphs.family_relationships::024
[526/1000] reasoning_gym.graphs.family_relationships::025
[527/1000] reasoning_gym.graphs.family_relationships::026
[528/1000] reasoning_gym.graphs.family_relationships::027
[529/1000] reasoning_gym.graphs.family_relationships::028
[530/1000] reasoning_gym.graphs.family_relationships::029
[531/1000] reasoning_gym.graphs.family_relationships::030
[532/1000] reasoning_gym.graphs.family_relationships::031
[533/1000] reasoning_gym.graphs.family_relationships::032
[534/1000] reasoning_gym.graphs.family_relationships::033
[535/1000] reasoning_gym.graphs.family_relationships::034
[536/1000] reasoning_gym.graphs.family_relationships::035
[537/1000] reasoning_gym.graphs.family_relationships::036
[538/1000] reasoning_gym.graphs.family_relationships::037
[539/1000] reasoning_gym.graphs.family_relationships::038
[540/1000] reasoning_gym.graphs.family_relationships::039
[541/1000] reasoning_gym.graphs.family_relationships::040
[542/1000] reasoning_gym.graphs.family_relationships::041
[543/1000] reasoning_gym.graphs.family_relationships::042
[544/1000] reasoning_gym.graphs.family_relationships::043
[545/1000] reasoning_gym.graphs.family_relationships::044
[546/1000] reasoning_gym.graphs.family_relationships::045
[547/1000] reasoning_gym.graphs.family_relationships::046
[548/1000] reasoning_gym.graphs.family_relationships::047
[549/1000] reasoning_gym.graphs.family_relationships::048
[550/1000] reasoning_gym.graphs.family_relationships::049
[551/1000] reasoning_gym.graphs.family_relationships::050
[552/1000] reasoning_gym.graphs.family_relationships::051
[553/1000] reasoning_gym.graphs.family_relationships::052
[554/1000] reasoning_gym.graphs.family_relationships::053
[555/1000] reasoning_gym.graphs.family_relationships::054
[556/1000] reasoning_gym.graphs.family_relationships::055
[557/1000] reasoning_gym.graphs.family_relationships::056
[558/1000] reasoning_gym.graphs.family_relationships::057
[559/1000] reasoning_gym.graphs.family_relationships::058
[560/1000] reasoning_gym.graphs.family_relationships::059
[561/1000] reasoning_gym.graphs.family_relationships::060
[562/1000] reasoning_gym.graphs.family_relationships::061
[563/1000] reasoning_gym.graphs.family_relationships::062
[564/1000] reasoning_gym.graphs.family_relationships::063
[565/1000] reasoning_gym.graphs.family_relationships::064
[566/1000] reasoning_gym.graphs.family_relationships::065
[567/1000] reasoning_gym.graphs.family_relationships::066
[568/1000] reasoning_gym.graphs.family_relationships::067
[569/1000] reasoning_gym.graphs.family_relationships::068
[570/1000] reasoning_gym.graphs.family_relationships::069
[571/1000] reasoning_gym.graphs.family_relationships::070
[572/1000] reasoning_gym.graphs.family_relationships::071
[573/1000] reasoning_gym.graphs.family_relationships::072
[574/1000] reasoning_gym.graphs.family_relationships::073
[575/1000] reasoning_gym.graphs.family_relationships::074
[576/1000] reasoning_gym.graphs.family_relationships::075
[577/1000] reasoning_gym.graphs.family_relationships::076
[578/1000] reasoning_gym.graphs.family_relationships::077
[579/1000] reasoning_gym.graphs.family_relationships::078
[580/1000] reasoning_gym.graphs.family_relationships::079
[581/1000] reasoning_gym.graphs.family_relationships::080
[582/1000] reasoning_gym.graphs.family_relationships::081
[583/1000] reasoning_gym.graphs.family_relationships::082
[584/1000] reasoning_gym.graphs.family_relationships::083
[585/1000] reasoning_gym.graphs.family_relationships::084
[586/1000] reasoning_gym.graphs.family_relationships::085
[587/1000] reasoning_gym.graphs.family_relationships::086
[588/1000] reasoning_gym.graphs.family_relationships::087
[589/1000] reasoning_gym.graphs.family_relationships::088
[590/1000] reasoning_gym.graphs.family_relationships::089
[591/1000] reasoning_gym.graphs.family_relationships::090
[592/1000] reasoning_gym.graphs.family_relationships::091
[593/1000] reasoning_gym.graphs.family_relationships::092
[594/1000] reasoning_gym.graphs.family_relationships::093
[595/1000] reasoning_gym.graphs.family_relationships::094
[596/1000] reasoning_gym.graphs.family_relationships::095
[597/1000] reasoning_gym.graphs.family_relationships::096
[598/1000] reasoning_gym.graphs.family_relationships::097
[599/1000] reasoning_gym.graphs.family_relationships::098
[600/1000] reasoning_gym.graphs.family_relationships::099
[601/1000] reasoning_gym.algorithmic.cryptarithm::000
[602/1000] reasoning_gym.algorithmic.cryptarithm::001
[603/1000] reasoning_gym.algorithmic.cryptarithm::002
[604/1000] reasoning_gym.algorithmic.cryptarithm::003
[605/1000] reasoning_gym.algorithmic.cryptarithm::004
[606/1000] reasoning_gym.algorithmic.cryptarithm::005
[607/1000] reasoning_gym.algorithmic.cryptarithm::006
[608/1000] reasoning_gym.algorithmic.cryptarithm::007
[609/1000] reasoning_gym.algorithmic.cryptarithm::008
[610/1000] reasoning_gym.algorithmic.cryptarithm::009
[611/1000] reasoning_gym.algorithmic.cryptarithm::010
[612/1000] reasoning_gym.algorithmic.cryptarithm::011
[613/1000] reasoning_gym.algorithmic.cryptarithm::012
[614/1000] reasoning_gym.algorithmic.cryptarithm::013
[615/1000] reasoning_gym.algorithmic.cryptarithm::014
[616/1000] reasoning_gym.algorithmic.cryptarithm::015
[617/1000] reasoning_gym.algorithmic.cryptarithm::016
[618/1000] reasoning_gym.algorithmic.cryptarithm::017
[619/1000] reasoning_gym.algorithmic.cryptarithm::018
[620/1000] reasoning_gym.algorithmic.cryptarithm::019
[621/1000] reasoning_gym.algorithmic.cryptarithm::020
[622/1000] reasoning_gym.algorithmic.cryptarithm::021
[623/1000] reasoning_gym.algorithmic.cryptarithm::022
[624/1000] reasoning_gym.algorithmic.cryptarithm::023
[625/1000] reasoning_gym.algorithmic.cryptarithm::024
[626/1000] reasoning_gym.algorithmic.cryptarithm::025
[627/1000] reasoning_gym.algorithmic.cryptarithm::026
[628/1000] reasoning_gym.algorithmic.cryptarithm::027
[629/1000] reasoning_gym.algorithmic.cryptarithm::028
[630/1000] reasoning_gym.algorithmic.cryptarithm::029
[631/1000] reasoning_gym.algorithmic.cryptarithm::030
[632/1000] reasoning_gym.algorithmic.cryptarithm::031
[633/1000] reasoning_gym.algorithmic.cryptarithm::032
[634/1000] reasoning_gym.algorithmic.cryptarithm::033
[635/1000] reasoning_gym.algorithmic.cryptarithm::034
[636/1000] reasoning_gym.algorithmic.cryptarithm::035
[637/1000] reasoning_gym.algorithmic.cryptarithm::036
[638/1000] reasoning_gym.algorithmic.cryptarithm::037
[639/1000] reasoning_gym.algorithmic.cryptarithm::038
[640/1000] reasoning_gym.algorithmic.cryptarithm::039
[641/1000] reasoning_gym.algorithmic.cryptarithm::040
[642/1000] reasoning_gym.algorithmic.cryptarithm::041
[643/1000] reasoning_gym.algorithmic.cryptarithm::042
[644/1000] reasoning_gym.algorithmic.cryptarithm::043
[645/1000] reasoning_gym.algorithmic.cryptarithm::044
[646/1000] reasoning_gym.algorithmic.cryptarithm::045
[647/1000] reasoning_gym.algorithmic.cryptarithm::046
[648/1000] reasoning_gym.algorithmic.cryptarithm::047
[649/1000] reasoning_gym.algorithmic.cryptarithm::048
[650/1000] reasoning_gym.algorithmic.cryptarithm::049
[651/1000] reasoning_gym.algorithmic.cryptarithm::050
[652/1000] reasoning_gym.algorithmic.cryptarithm::051
[653/1000] reasoning_gym.algorithmic.cryptarithm::052
[654/1000] reasoning_gym.algorithmic.cryptarithm::053
[655/1000] reasoning_gym.algorithmic.cryptarithm::054
[656/1000] reasoning_gym.algorithmic.cryptarithm::055
[657/1000] reasoning_gym.algorithmic.cryptarithm::056
[658/1000] reasoning_gym.algorithmic.cryptarithm::057
[659/1000] reasoning_gym.algorithmic.cryptarithm::058
[660/1000] reasoning_gym.algorithmic.cryptarithm::059
[661/1000] reasoning_gym.algorithmic.cryptarithm::060
[662/1000] reasoning_gym.algorithmic.cryptarithm::061
[663/1000] reasoning_gym.algorithmic.cryptarithm::062
[664/1000] reasoning_gym.algorithmic.cryptarithm::063
[665/1000] reasoning_gym.algorithmic.cryptarithm::064
[666/1000] reasoning_gym.algorithmic.cryptarithm::065
[667/1000] reasoning_gym.algorithmic.cryptarithm::066
[668/1000] reasoning_gym.algorithmic.cryptarithm::067
[669/1000] reasoning_gym.algorithmic.cryptarithm::068
[670/1000] reasoning_gym.algorithmic.cryptarithm::069
[671/1000] reasoning_gym.algorithmic.cryptarithm::070
[672/1000] reasoning_gym.algorithmic.cryptarithm::071
[673/1000] reasoning_gym.algorithmic.cryptarithm::072
[674/1000] reasoning_gym.algorithmic.cryptarithm::073
[675/1000] reasoning_gym.algorithmic.cryptarithm::074
[676/1000] reasoning_gym.algorithmic.cryptarithm::075
[677/1000] reasoning_gym.algorithmic.cryptarithm::076
[678/1000] reasoning_gym.algorithmic.cryptarithm::077
[679/1000] reasoning_gym.algorithmic.cryptarithm::078
[680/1000] reasoning_gym.algorithmic.cryptarithm::079
[681/1000] reasoning_gym.algorithmic.cryptarithm::080
[682/1000] reasoning_gym.algorithmic.cryptarithm::081
[683/1000] reasoning_gym.algorithmic.cryptarithm::082
[684/1000] reasoning_gym.algorithmic.cryptarithm::083
[685/1000] reasoning_gym.algorithmic.cryptarithm::084
[686/1000] reasoning_gym.algorithmic.cryptarithm::085
[687/1000] reasoning_gym.algorithmic.cryptarithm::086
[688/1000] reasoning_gym.algorithmic.cryptarithm::087
[689/1000] reasoning_gym.algorithmic.cryptarithm::088
[690/1000] reasoning_gym.algorithmic.cryptarithm::089
[691/1000] reasoning_gym.algorithmic.cryptarithm::090
[692/1000] reasoning_gym.algorithmic.cryptarithm::091
[693/1000] reasoning_gym.algorithmic.cryptarithm::092
[694/1000] reasoning_gym.algorithmic.cryptarithm::093
[695/1000] reasoning_gym.algorithmic.cryptarithm::094
[696/1000] reasoning_gym.algorithmic.cryptarithm::095
[697/1000] reasoning_gym.algorithmic.cryptarithm::096
[698/1000] reasoning_gym.algorithmic.cryptarithm::097
[699/1000] reasoning_gym.algorithmic.cryptarithm::098
[700/1000] reasoning_gym.algorithmic.cryptarithm::099
[701/1000] reasoning_gym.games.sudoku::000
[702/1000] reasoning_gym.games.sudoku::001
[703/1000] reasoning_gym.games.sudoku::002
[704/1000] reasoning_gym.games.sudoku::003
[705/1000] reasoning_gym.games.sudoku::004
[706/1000] reasoning_gym.games.sudoku::005
[707/1000] reasoning_gym.games.sudoku::006
[708/1000] reasoning_gym.games.sudoku::007
[709/1000] reasoning_gym.games.sudoku::008
[710/1000] reasoning_gym.games.sudoku::009
[711/1000] reasoning_gym.games.sudoku::010
[712/1000] reasoning_gym.games.sudoku::011
[713/1000] reasoning_gym.games.sudoku::012
[714/1000] reasoning_gym.games.sudoku::013
[715/1000] reasoning_gym.games.sudoku::014
[716/1000] reasoning_gym.games.sudoku::015
